<html>
<body>
<pre>
<h1>礦ision Build Log</h1>
<h2>Tool Versions:</h2>
IDE-Version: μVision V5.24.2.0
Copyright (C) 2017 ARM Ltd and ARM Germany GmbH. All rights reserved.
License Information: 123 123, 123, LIC=Y2B45-GPD2S-XCLJ0-BLY85-IWFZR-UU2X4
 
Tool Versions:
Toolchain:       MDK-ARM Professional  Version: 5.24.1
Toolchain Path:  E:\keil 5\ARM\ARMCC\Bin
C Compiler:      Armcc.exe V5.06 update 5 (build 528)
Assembler:       Armasm.exe V5.06 update 5 (build 528)
Linker/Locator:  ArmLink.exe V5.06 update 5 (build 528)
Library Manager: ArmAr.exe V5.06 update 5 (build 528)
Hex Converter:   FromElf.exe V5.06 update 5 (build 528)
CPU DLL:         SARMCM3.DLL V5.24.1
Dialog DLL:      DARMSTM.DLL V1.68.0.0
Target DLL:      STLink\ST-LINKIII-KEIL_SWO.dll V3.0.1.0
Dialog DLL:      TARMSTM.DLL V1.66.0.0
 
<h2>Project:</h2>
E:\单片机学习\git工程\单片机控制电机\-\位置式\USER\TIMER.uvprojx
Project File Date:  08/21/2020

<h2>Output:</h2>
*** Using Compiler 'V5.06 update 5 (build 528)', folder: 'E:\keil 5\ARM\ARMCC\Bin'
Rebuild target 'TIMER'
compiling myiic.c...
compiling led.c...
compiling stm32f10x_it.c...
compiling system_stm32f10x.c...
compiling key.c...
compiling pid.c...
compiling timer.c...
compiling 24cxx.c...
compiling encoder.c...
compiling main.c...
compiling lcd.c...
compiling function.c...
compiling ctiic.c...
compiling gt9147.c...
compiling delay.c...
compiling usart.c...
compiling core_cm3.c...
compiling ott2001a.c...
compiling ft5206.c...
assembling startup_stm32f10x_hd.s...
compiling lcdtouch.c...
compiling touch.c...
compiling sys.c...
compiling stm32f10x_gpio.c...
compiling misc.c...
compiling usmart_str.c...
compiling stm32f10x_fsmc.c...
compiling stm32f10x_rcc.c...
compiling stm32f10x_usart.c...
compiling usmart.c...
compiling usmart_config.c...
compiling stm32f10x_tim.c...
linking...
Program Size: Code=61002 RO-data=7322 RW-data=592 ZI-data=3664  
FromELF: creating hex file...
"..\OBJ\TIMER.axf" - 0 Error(s), 0 Warning(s).

<h2>Software Packages used:</h2>

Package Vendor: Keil
                http://www.keil.com/pack/Keil.STM32F1xx_DFP.1.0.5.pack
                Keil.STM32F1xx_DFP.1.0.5
                STMicroelectronics STM32F1 Series Device Support, Drivers and Examples

<h2>Collection of Component include folders:</h2>
  .\RTE\_TIMER
  E:\keil 5\ARM\PACK\Keil\STM32F1xx_DFP\1.0.5\Device\Include

<h2>Collection of Component Files used:</h2>
Build Time Elapsed:  00:00:05
</pre>
</body>
</html>
