Component: ARM Compiler 5.06 update 5 (build 528) Tool: armlink [4d35e2]

==============================================================================

Section Cross References

    main.o(.text) refers to _printf_percent.o(.ARM.Collect$$_printf_percent$$00000000) for _printf_percent
    main.o(.text) refers to _printf_d.o(.ARM.Collect$$_printf_percent$$00000009) for _printf_d
    main.o(.text) refers to _printf_dec.o(.text) for _printf_int_dec
    main.o(.text) refers to stm32f10x_tim.o(.text) for TIM_SetCompare1
    main.o(.text) refers to delay.o(.text) for delay_ms
    main.o(.text) refers to lcd.o(.text) for LCD_DrawLine
    main.o(.text) refers to dmul.o(x$fpl$dmul) for __aeabi_dmul
    main.o(.text) refers to dfixu.o(x$fpl$dfixu) for __aeabi_d2uiz
    main.o(.text) refers to main.o(.data) for start_flagB
    main.o(.text) refers to lcd.o(.data) for POINT_COLOR
    main.o(.text) refers to pid.o(.data) for sptr
    main.o(.text) refers to misc.o(.text) for NVIC_PriorityGroupConfig
    main.o(.text) refers to usart.o(.text) for uart_init
    main.o(.text) refers to key.o(.text) for KEY_Init
    main.o(.text) refers to timer.o(.text) for TIM1_PWM_Init
    main.o(.text) refers to encoder.o(.text) for TIM5_Cap_InitB
    main.o(.text) refers to pid.o(.text) for IncPIDInit
    main.o(.text) refers to 24cxx.o(.text) for AT24CXX_Init
    main.o(.text) refers to lcdtouch.o(.data) for PNum
    main.o(.text) refers to system_stm32f10x.o(.data) for SystemCoreClock
    main.o(.text) refers to usmart_config.o(.data) for usmart_dev
    main.o(.text) refers to touch.o(.data) for tp_dev
    main.o(.text) refers to lcdtouch.o(.text) for LcdTouch
    main.o(.text) refers to dflt_clz.o(x$fpl$dflt) for __aeabi_i2d
    main.o(.text) refers to ddiv.o(x$fpl$ddiv) for __aeabi_ddiv
    main.o(.text) refers to dflt_clz.o(x$fpl$dfltu) for __aeabi_ui2d
    main.o(.text) refers to dfix.o(x$fpl$dfix) for __aeabi_d2iz
    main.o(.text) refers to encoder.o(.data) for CaptureNumberB
    main.o(.text) refers to main.o(.bss) for Xmid
    main.o(.text) refers to noretval__2printf.o(.text) for __2printf
    system_stm32f10x.o(.text) refers to system_stm32f10x.o(.data) for SystemCoreClock
    led.o(.text) refers to stm32f10x_rcc.o(.text) for RCC_APB2PeriphClockCmd
    led.o(.text) refers to stm32f10x_gpio.o(.text) for GPIO_Init
    key.o(.text) refers to stm32f10x_rcc.o(.text) for RCC_APB2PeriphClockCmd
    key.o(.text) refers to stm32f10x_gpio.o(.text) for GPIO_Init
    key.o(.text) refers to delay.o(.text) for delay_ms
    key.o(.text) refers to key.o(.data) for key_up
    timer.o(.text) refers to stm32f10x_rcc.o(.text) for RCC_APB2PeriphClockCmd
    timer.o(.text) refers to stm32f10x_gpio.o(.text) for GPIO_Init
    timer.o(.text) refers to stm32f10x_tim.o(.text) for TIM_TimeBaseInit
    timer.o(.text) refers to misc.o(.text) for NVIC_Init
    lcd.o(.text) refers to _printf_percent.o(.ARM.Collect$$_printf_percent$$00000000) for _printf_percent
    lcd.o(.text) refers to _printf_x.o(.ARM.Collect$$_printf_percent$$0000000C) for _printf_x
    lcd.o(.text) refers to _printf_hex_int.o(.text) for _printf_longlong_hex
    lcd.o(.text) refers to delay.o(.text) for delay_us
    lcd.o(.text) refers to lcd.o(.bss) for lcddev
    lcd.o(.text) refers to lcd.o(.data) for POINT_COLOR
    lcd.o(.text) refers to dflt_clz.o(x$fpl$dfltu) for __aeabi_ui2d
    lcd.o(.text) refers to dmul.o(x$fpl$dmul) for __aeabi_dmul
    lcd.o(.text) refers to dfixu.o(x$fpl$dfixu) for __aeabi_d2uiz
    lcd.o(.text) refers to stm32f10x_rcc.o(.text) for RCC_AHBPeriphClockCmd
    lcd.o(.text) refers to stm32f10x_gpio.o(.text) for GPIO_Init
    lcd.o(.text) refers to stm32f10x_fsmc.o(.text) for FSMC_NORSRAMInit
    lcd.o(.text) refers to noretval__2printf.o(.text) for __2printf
    lcd.o(.text) refers to lcd.o(.constdata) for asc2_1206
    encoder.o(.text) refers to stm32f10x_rcc.o(.text) for RCC_APB1PeriphClockCmd
    encoder.o(.text) refers to stm32f10x_gpio.o(.text) for GPIO_Init
    encoder.o(.text) refers to stm32f10x_tim.o(.text) for TIM_TimeBaseInit
    encoder.o(.text) refers to misc.o(.text) for NVIC_Init
    encoder.o(.text) refers to encoder.o(.bss) for TIM5_ICInitStructure
    encoder.o(.text) refers to encoder.o(.data) for TIM5CH1_CAPTURE_STA
    pid.o(.text) refers to dflt_clz.o(x$fpl$dflt) for __aeabi_i2d
    pid.o(.text) refers to dmul.o(x$fpl$dmul) for __aeabi_dmul
    pid.o(.text) refers to daddsub_clz.o(x$fpl$dsub) for __aeabi_dsub
    pid.o(.text) refers to daddsub_clz.o(x$fpl$dadd) for __aeabi_dadd
    pid.o(.text) refers to dfix.o(x$fpl$dfix) for __aeabi_d2iz
    pid.o(.text) refers to dfixu.o(x$fpl$dfixu) for __aeabi_d2uiz
    pid.o(.text) refers to pid.o(.data) for sptr
    pid.o(.data) refers to pid.o(.bss) for sPID
    24cxx.o(.text) refers to myiic.o(.text) for IIC_Init
    24cxx.o(.text) refers to delay.o(.text) for delay_ms
    myiic.o(.text) refers to stm32f10x_rcc.o(.text) for RCC_APB2PeriphClockCmd
[...]
    __decompress1                            0x0800016d   Thumb Code     0  __dczerorl2.o(!!dczerorl2)
    __scatterload_zeroinit                   0x080001c9   Thumb Code    28  __scatter_zi.o(!!handler_zi)
    _printf_f                                0x080001e5   Thumb Code     0  _printf_f.o(.ARM.Collect$$_printf_percent$$00000003)
    _printf_percent                          0x080001e5   Thumb Code     0  _printf_percent.o(.ARM.Collect$$_printf_percent$$00000000)
    _printf_d                                0x080001eb   Thumb Code     0  _printf_d.o(.ARM.Collect$$_printf_percent$$00000009)
    _printf_u                                0x080001f1   Thumb Code     0  _printf_u.o(.ARM.Collect$$_printf_percent$$0000000A)
    _printf_x                                0x080001f7   Thumb Code     0  _printf_x.o(.ARM.Collect$$_printf_percent$$0000000C)
    _printf_c                                0x080001fd   Thumb Code     0  _printf_c.o(.ARM.Collect$$_printf_percent$$00000013)
    _printf_s                                0x08000203   Thumb Code     0  _printf_s.o(.ARM.Collect$$_printf_percent$$00000014)
    _printf_percent_end                      0x08000209   Thumb Code     0  _printf_percent_end.o(.ARM.Collect$$_printf_percent$$00000017)
    __rt_lib_init                            0x0800020d   Thumb Code     0  libinit.o(.ARM.Collect$$libinit$$00000000)
    __rt_lib_init_fp_1                       0x0800020f   Thumb Code     0  libinit2.o(.ARM.Collect$$libinit$$00000002)
    __rt_lib_init_heap_1                     0x0800020f   Thumb Code     0  libinit2.o(.ARM.Collect$$libinit$$0000000A)
    __rt_lib_init_lc_common                  0x0800020f   Thumb Code     0  libinit2.o(.ARM.Collect$$libinit$$0000000F)
    __rt_lib_init_preinit_1                  0x0800020f   Thumb Code     0  libinit2.o(.ARM.Collect$$libinit$$00000004)
    __rt_lib_init_rand_1                     0x0800020f   Thumb Code     0  libinit2.o(.ARM.Collect$$libinit$$0000000E)
    __rt_lib_init_user_alloc_1               0x0800020f   Thumb Code     0  libinit2.o(.ARM.Collect$$libinit$$0000000C)
    __rt_lib_init_lc_collate_1               0x08000215   Thumb Code     0  libinit2.o(.ARM.Collect$$libinit$$00000011)
    __rt_lib_init_lc_ctype_1                 0x08000215   Thumb Code     0  libinit2.o(.ARM.Collect$$libinit$$00000013)
    __rt_lib_init_lc_monetary_1              0x08000215   Thumb Code     0  libinit2.o(.ARM.Collect$$libinit$$00000015)
    __rt_lib_init_lc_numeric_2               0x08000215   Thumb Code     0  libinit2.o(.ARM.Collect$$libinit$$00000016)
    __rt_lib_init_alloca_1                   0x0800021f   Thumb Code     0  libinit2.o(.ARM.Collect$$libinit$$0000002E)
    __rt_lib_init_argv_1                     0x0800021f   Thumb Code     0  libinit2.o(.ARM.Collect$$libinit$$0000002C)
    __rt_lib_init_atexit_1                   0x0800021f   Thumb Code     0  libinit2.o(.ARM.Collect$$libinit$$0000001B)
    __rt_lib_init_clock_1                    0x0800021f   Thumb Code     0  libinit2.o(.ARM.Collect$$libinit$$00000021)
    __rt_lib_init_cpp_1                      0x0800021f   Thumb Code     0  libinit2.o(.ARM.Collect$$libinit$$00000032)
    __rt_lib_init_exceptions_1               0x0800021f   Thumb Code     0  libinit2.o(.ARM.Collect$$libinit$$00000030)
    __rt_lib_init_fp_trap_1                  0x0800021f   Thumb Code     0  libinit2.o(.ARM.Collect$$libinit$$0000001F)
    __rt_lib_init_getenv_1                   0x0800021f   Thumb Code     0  libinit2.o(.ARM.Collect$$libinit$$00000023)
    __rt_lib_init_lc_numeric_1               0x0800021f   Thumb Code     0  libinit2.o(.ARM.Collect$$libinit$$00000017)
    __rt_lib_init_lc_time_1                  0x0800021f   Thumb Code     0  libinit2.o(.ARM.Collect$$libinit$$00000019)
    __rt_lib_init_return                     0x0800021f   Thumb Code     0  libinit2.o(.ARM.Collect$$libinit$$00000033)
    __rt_lib_init_signal_1                   0x0800021f   Thumb Code     0  libinit2.o(.ARM.Collect$$libinit$$0000001D)
    __rt_lib_init_stdio_1                    0x0800021f   Thumb Code     0  libinit2.o(.ARM.Collect$$libinit$$00000025)
    __rt_lib_shutdown                        0x08000221   Thumb Code     0  libshutdown.o(.ARM.Collect$$libshutdown$$00000000)
    __rt_lib_shutdown_cpp_1                  0x08000223   Thumb Code     0  libshutdown2.o(.ARM.Collect$$libshutdown$$00000002)
    __rt_lib_shutdown_fp_trap_1              0x08000223   Thumb Code     0  libshutdown2.o(.ARM.Collect$$libshutdown$$00000007)
    __rt_lib_shutdown_heap_1                 0x08000223   Thumb Code     0  libshutdown2.o(.ARM.Collect$$libshutdown$$0000000F)
    __rt_lib_shutdown_return                 0x08000223   Thumb Code     0  libshutdown2.o(.ARM.Collect$$libshutdown$$00000010)
    __rt_lib_shutdown_signal_1               0x08000223   Thumb Code     0  libshutdown2.o(.ARM.Collect$$libshutdown$$0000000A)
    __rt_lib_shutdown_stdio_1                0x08000223   Thumb Code     0  libshutdown2.o(.ARM.Collect$$libshutdown$$00000004)
    __rt_lib_shutdown_user_alloc_1           0x08000223   Thumb Code     0  libshutdown2.o(.ARM.Collect$$libshutdown$$0000000C)
    __rt_entry                               0x08000225   Thumb Code     0  __rtentry.o(.ARM.Collect$$rtentry$$00000000)
    __rt_entry_presh_1                       0x08000225   Thumb Code     0  __rtentry2.o(.ARM.Collect$$rtentry$$00000002)
    __rt_entry_sh                            0x08000225   Thumb Code     0  __rtentry4.o(.ARM.Collect$$rtentry$$00000004)
    __rt_entry_li                            0x0800022b   Thumb Code     0  __rtentry2.o(.ARM.Collect$$rtentry$$0000000A)
    __rt_entry_postsh_1                      0x0800022b   Thumb Code     0  __rtentry2.o(.ARM.Collect$$rtentry$$00000009)
    __rt_entry_main                          0x0800022f   Thumb Code     0  __rtentry2.o(.ARM.Collect$$rtentry$$0000000D)
    __rt_entry_postli_1                      0x0800022f   Thumb Code     0  __rtentry2.o(.ARM.Collect$$rtentry$$0000000C)
    __rt_exit                                0x08000237   Thumb Code     0  rtexit.o(.ARM.Collect$$rtexit$$00000000)
    __rt_exit_ls                             0x08000239   Thumb Code     0  rtexit2.o(.ARM.Collect$$rtexit$$00000003)
    __rt_exit_prels_1                        0x08000239   Thumb Code     0  rtexit2.o(.ARM.Collect$$rtexit$$00000002)
    __rt_exit_exit                           0x0800023d   Thumb Code     0  rtexit2.o(.ARM.Collect$$rtexit$$00000004)
    clockwise                                0x08000245   Thumb Code    66  main.o(.text)
    anticlockwise                            0x08000287   Thumb Code    72  main.o(.text)
    LCD_Map                                  0x080002cf   Thumb Code  1836  main.o(.text)
    main                                     0x080009fb   Thumb Code   434  main.o(.text)
    TIM3_IRQHandler                          0x08000bad   Thumb Code  1210  main.o(.text)
    NMI_Handler                              0x080010e9   Thumb Code     2  stm32f10x_it.o(.text)
    HardFault_Handler                        0x080010eb   Thumb Code     4  stm32f10x_it.o(.text)
    MemManage_Handler                        0x080010ef   Thumb Code     4  stm32f10x_it.o(.text)
    BusFault_Handler                         0x080010f3   Thumb Code     4  stm32f10x_it.o(.text)
    UsageFault_Handler                       0x080010f7   Thumb Code     4  stm32f10x_it.o(.text)
    SVC_Handler                              0x080010fb   Thumb Code     2  stm32f10x_it.o(.text)
    DebugMon_Handler                         0x080010fd   Thumb Code     2  stm32f10x_it.o(.text)
    PendSV_Handler                           0x080010ff   Thumb Code     2  stm32f10x_it.o(.text)
    SysTick_Handler                          0x08001101   Thumb Code     2  stm32f10x_it.o(.text)
    SystemInit                               0x080011e3   Thumb Code    78  system_stm32f10x.o(.text)
    SystemCoreClockUpdate                    0x08001231   Thumb Code   142  system_stm32f10x.o(.text)
    KEY_Init                                 0x080012e5   Thumb Code    52  key.o(.text)
    KEY_Scan                                 0x08001319   Thumb Code   188  key.o(.text)
    TIM1_PWM_Init                            0x080013e1   Thumb Code   142  timer.o(.text)
    TIM8_PWM_Init                            0x0800146f   Thumb Code   124  timer.o(.text)
    TIM3_Int_Init                            0x080014eb   Thumb Code    90  timer.o(.text)
    LCD_WR_REG                               0x0800155d   Thumb Code     6  lcd.o(.text)
    LCD_WR_DATA                              0x08001563   Thumb Code     8  lcd.o(.text)
    LCD_RD_DATA                              0x0800156b   Thumb Code    16  lcd.o(.text)
    LCD_WriteReg                             0x0800157b   Thumb Code    10  lcd.o(.text)
    LCD_ReadReg                              0x08001585   Thumb Code    22  lcd.o(.text)
    LCD_WriteRAM_Prepare                     0x0800159b   Thumb Code    10  lcd.o(.text)
    LCD_WriteRAM                             0x080015a5   Thumb Code     8  lcd.o(.text)
    LCD_BGR2RGB                              0x080015ad   Thumb Code    26  lcd.o(.text)
    opt_delay                                0x080015c7   Thumb Code    14  lcd.o(.text)
    LCD_SetCursor                            0x080015d5   Thumb Code   418  lcd.o(.text)
    LCD_ReadPoint                            0x08001777   Thumb Code   360  lcd.o(.text)
    LCD_DisplayOn                            0x080018df   Thumb Code   102  lcd.o(.text)
    LCD_DisplayOff                           0x08001945   Thumb Code    90  lcd.o(.text)
    LCD_Scan_Dir                             0x0800199f   Thumb Code   744  lcd.o(.text)
    LCD_DrawPoint                            0x08001c87   Thumb Code    28  lcd.o(.text)
    LCD_Fast_DrawPoint                       0x08001ca3   Thumb Code   384  lcd.o(.text)
    LCD_SSD_BackLightSet                     0x08001e23   Thumb Code    80  lcd.o(.text)
    LCD_Display_Dir                          0x08001e73   Thumb Code   444  lcd.o(.text)
    LCD_Set_Window                           0x0800202f   Thumb Code   540  lcd.o(.text)
    LCD_Clear                                0x0800224b   Thumb Code   100  lcd.o(.text)
    LCD_Init                                 0x080022af   Thumb Code 14190  lcd.o(.text)
    LCD_Fill                                 0x08005a1d   Thumb Code   178  lcd.o(.text)
    LCD_Color_Fill                           0x08005acf   Thumb Code   106  lcd.o(.text)
    LCD_DrawLine                             0x08005b39   Thumb Code   176  lcd.o(.text)
    LCD_DrawRectangle                        0x08005be9   Thumb Code    60  lcd.o(.text)
    LCD_Draw_Circle                          0x08005c25   Thumb Code   152  lcd.o(.text)
    LCD_ShowChar                             0x08005cbd   Thumb Code   272  lcd.o(.text)
    LCD_Pow                                  0x08005dcd   Thumb Code    22  lcd.o(.text)
    LCD_ShowNum                              0x08005de3   Thumb Code   148  lcd.o(.text)
    LCD_ShowxNum                             0x08005e77   Thumb Code   220  lcd.o(.text)
    LCD_ShowString                           0x08005f53   Thumb Code   102  lcd.o(.text)
    TIM5_Cap_InitB                           0x08005fb9   Thumb Code   156  encoder.o(.text)
    TIM4_Cap_InitA                           0x08006055   Thumb Code   158  encoder.o(.text)
    TIM5_IRQHandler                          0x080060f3   Thumb Code    42  encoder.o(.text)
    SetPID                                   0x0800613d   Thumb Code    50  pid.o(.text)
    IncPIDInit                               0x0800616f   Thumb Code    74  pid.o(.text)
    IncPIDCalc                               0x080061b9   Thumb Code   170  pid.o(.text)
    LocPIDCalc                               0x08006263   Thumb Code   174  pid.o(.text)
    AT24CXX_Init                             0x08006321   Thumb Code     8  24cxx.o(.text)
    AT24CXX_ReadOneByte                      0x08006329   Thumb Code    88  24cxx.o(.text)
    AT24CXX_WriteOneByte                     0x08006381   Thumb Code    80  24cxx.o(.text)
    AT24CXX_WriteLenByte                     0x080063d1   Thumb Code    42  24cxx.o(.text)
    AT24CXX_ReadLenByte                      0x080063fb   Thumb Code    44  24cxx.o(.text)
    AT24CXX_Check                            0x08006427   Thumb Code    46  24cxx.o(.text)
    AT24CXX_Read                             0x08006455   Thumb Code    34  24cxx.o(.text)
    AT24CXX_Write                            0x08006477   Thumb Code    36  24cxx.o(.text)
    IIC_Init                                 0x0800649d   Thumb Code    46  myiic.o(.text)
    IIC_Start                                0x080064cb   Thumb Code    64  myiic.o(.text)
    IIC_Stop                                 0x0800650b   Thumb Code    66  myiic.o(.text)
    IIC_Wait_Ack                             0x0800654d   Thumb Code    86  myiic.o(.text)
    IIC_Ack                                  0x080065a3   Thumb Code    70  myiic.o(.text)
    IIC_NAck                                 0x080065e9   Thumb Code    70  myiic.o(.text)
    IIC_Send_Byte                            0x0800662f   Thumb Code   104  myiic.o(.text)
    IIC_Read_Byte                            0x08006697   Thumb Code   100  myiic.o(.text)
    ReadParameter                            0x08006709   Thumb Code   206  function.o(.text)
    SetDirection                             0x080067d7   Thumb Code    20  function.o(.text)
    SetPNum                                  0x080067eb   Thumb Code   326  function.o(.text)
    SetINum                                  0x08006931   Thumb Code   326  function.o(.text)
    SetDNum                                  0x08006a77   Thumb Code   424  function.o(.text)
    SetCycleNum                              0x08006c1f   Thumb Code   172  function.o(.text)
    CT_Delay                                 0x08006cdd   Thumb Code    10  ctiic.o(.text)
    CT_IIC_Init                              0x08006ce7   Thumb Code    72  ctiic.o(.text)
    CT_IIC_Start                             0x08006d2f   Thumb Code    66  ctiic.o(.text)
    CT_IIC_Stop                              0x08006d71   Thumb Code    60  ctiic.o(.text)
    CT_IIC_Wait_Ack                          0x08006dad   Thumb Code    86  ctiic.o(.text)
    CT_IIC_Ack                               0x08006e03   Thumb Code    70  ctiic.o(.text)
    CT_IIC_NAck                              0x08006e49   Thumb Code    70  ctiic.o(.text)
    CT_IIC_Send_Byte                         0x08006e8f   Thumb Code    86  ctiic.o(.text)
    CT_IIC_Read_Byte                         0x08006ee5   Thumb Code   100  ctiic.o(.text)
    GT9147_WR_Reg                            0x08006f61   Thumb Code    92  gt9147.o(.text)
    GT9147_Send_Cfg                          0x08006fbd   Thumb Code    86  gt9147.o(.text)
    GT9147_RD_Reg                            0x08007013   Thumb Code    98  gt9147.o(.text)
    GT9147_Init                              0x08007075   Thumb Code   268  gt9147.o(.text)
    GT9147_Scan                              0x08007181   Thumb Code   494  gt9147.o(.text)
    TP_Write_Byte                            0x080073b9   Thumb Code    64  touch.o(.text)
    TP_Read_AD                               0x080073f9   Thumb Code   136  touch.o(.text)
    TP_Read_XOY                              0x08007481   Thumb Code   120  touch.o(.text)
    TP_Read_XY                               0x080074f9   Thumb Code    38  touch.o(.text)
    TP_Read_XY2                              0x0800751f   Thumb Code   192  touch.o(.text)
    TP_Drow_Touch_Point                      0x080075df   Thumb Code   108  touch.o(.text)
    TP_Draw_Big_Point                        0x0800764b   Thumb Code    54  touch.o(.text)
    TP_Scan                                  0x08007681   Thumb Code   264  touch.o(.text)
    TP_Save_Adjdata                          0x08007789   Thumb Code    24  touch.o(.text)
    TP_Get_Adjdata                           0x080077a1   Thumb Code   104  touch.o(.text)
    TP_Adj_Info_Show                         0x08007809   Thumb Code   374  touch.o(.text)
    TP_Adjust                                0x0800797f   Thumb Code  2128  touch.o(.text)
    TP_Init                                  0x080081cf   Thumb Code   330  touch.o(.text)
    FT5206_WR_Reg                            0x0800836d   Thumb Code    82  ft5206.o(.text)
    FT5206_RD_Reg                            0x080083bf   Thumb Code    88  ft5206.o(.text)
    FT5206_Init                              0x08008417   Thumb Code   216  ft5206.o(.text)
    FT5206_Scan                              0x080084ef   Thumb Code   400  ft5206.o(.text)
    OTT2001A_WR_Reg                          0x080086a5   Thumb Code    92  ott2001a.o(.text)
    OTT2001A_RD_Reg                          0x08008701   Thumb Code    98  ott2001a.o(.text)
    OTT2001A_SensorControl                   0x08008763   Thumb Code    28  ott2001a.o(.text)
    OTT2001A_Init                            0x0800877f   Thumb Code   156  ott2001a.o(.text)
    OTT2001A_Scan                            0x0800881b   Thumb Code   446  ott2001a.o(.text)
    Load_Drow_Dialog                         0x08008a11   Thumb Code    52  lcdtouch.o(.text)
    gui_draw_hline                           0x08008a45   Thumb Code    36  lcdtouch.o(.text)
    gui_fill_circle                          0x08008a69   Thumb Code   176  lcdtouch.o(.text)
    my_abs                                   0x08008b19   Thumb Code    18  lcdtouch.o(.text)
    lcd_draw_bline                           0x08008b2b   Thumb Code   212  lcdtouch.o(.text)
    NumScan                                  0x08008bff   Thumb Code  1026  lcdtouch.o(.text)
    ChangeParameter                          0x08009001   Thumb Code   494  lcdtouch.o(.text)
    SetParameter                             0x080091ef   Thumb Code  1020  lcdtouch.o(.text)
    ctp_test                                 0x080095eb   Thumb Code   232  lcdtouch.o(.text)
    LcdTouch                                 0x080096d3   Thumb Code    34  lcdtouch.o(.text)
    delay_init                               0x08009765   Thumb Code    50  delay.o(.text)
    delay_us                                 0x08009797   Thumb Code    72  delay.o(.text)
    delay_ms                                 0x080097df   Thumb Code    72  delay.o(.text)
    _sys_exit                                0x08009839   Thumb Code     4  usart.o(.text)
    fputc                                    0x0800983d   Thumb Code    24  usart.o(.text)
    uart_init                                0x08009855   Thumb Code   152  usart.o(.text)
    USART1_IRQHandler                        0x080098ed   Thumb Code   122  usart.o(.text)
    Reset_Handler                            0x08009979   Thumb Code     8  startup_stm32f10x_hd.o(.text)
    ADC1_2_IRQHandler                        0x08009993   Thumb Code     0  startup_stm32f10x_hd.o(.text)
    ADC3_IRQHandler                          0x08009993   Thumb Code     0  startup_stm32f10x_hd.o(.text)
    CAN1_RX1_IRQHandler                      0x08009993   Thumb Code     0  startup_stm32f10x_hd.o(.text)
    CAN1_SCE_IRQHandler                      0x08009993   Thumb Code     0  startup_stm32f10x_hd.o(.text)
    DMA1_Channel1_IRQHandler                 0x08009993   Thumb Code     0  startup_stm32f10x_hd.o(.text)
    DMA1_Channel2_IRQHandler                 0x08009993   Thumb Code     0  startup_stm32f10x_hd.o(.text)
    DMA1_Channel3_IRQHandler                 0x08009993   Thumb Code     0  startup_stm32f10x_hd.o(.text)
    DMA1_Channel4_IRQHandler                 0x08009993   Thumb Code     0  startup_stm32f10x_hd.o(.text)
    DMA1_Channel5_IRQHandler                 0x08009993   Thumb Code     0  startup_stm32f10x_hd.o(.text)
    DMA1_Channel6_IRQHandler                 0x08009993   Thumb Code     0  startup_stm32f10x_hd.o(.text)
    DMA1_Channel7_IRQHandler                 0x08009993   Thumb Code     0  startup_stm32f10x_hd.o(.text)
    DMA2_Channel1_IRQHandler                 0x08009993   Thumb Code     0  startup_stm32f10x_hd.o(.text)
    DMA2_Channel2_IRQHandler                 0x08009993   Thumb Code     0  startup_stm32f10x_hd.o(.text)
    DMA2_Channel3_IRQHandler                 0x08009993   Thumb Code     0  startup_stm32f10x_hd.o(.text)
    DMA2_Channel4_5_IRQHandler               0x08009993   Thumb Code     0  startup_stm32f10x_hd.o(.text)
    EXTI0_IRQHandler                         0x08009993   Thumb Code     0  startup_stm32f10x_hd.o(.text)
    EXTI15_10_IRQHandler                     0x08009993   Thumb Code     0  startup_stm32f10x_hd.o(.text)
    EXTI1_IRQHandler                         0x08009993   Thumb Code     0  startup_stm32f10x_hd.o(.text)
    EXTI2_IRQHandler                         0x08009993   Thumb Code     0  startup_stm32f10x_hd.o(.text)
    EXTI3_IRQHandler                         0x08009993   Thumb Code     0  startup_stm32f10x_hd.o(.text)
    EXTI4_IRQHandler                         0x08009993   Thumb Code     0  startup_stm32f10x_hd.o(.text)
    EXTI9_5_IRQHandler                       0x08009993   Thumb Code     0  startup_stm32f10x_hd.o(.text)
    FLASH_IRQHandler                         0x08009993   Thumb Code     0  startup_stm32f10x_hd.o(.text)
    FSMC_IRQHandler                          0x08009993   Thumb Code     0  startup_stm32f10x_hd.o(.text)
    I2C1_ER_IRQHandler                       0x08009993   Thumb Code     0  startup_stm32f10x_hd.o(.text)
    I2C1_EV_IRQHandler                       0x08009993   Thumb Code     0  startup_stm32f10x_hd.o(.text)
    I2C2_ER_IRQHandler                       0x08009993   Thumb Code     0  startup_stm32f10x_hd.o(.text)
    I2C2_EV_IRQHandler                       0x08009993   Thumb Code     0  startup_stm32f10x_hd.o(.text)
    PVD_IRQHandler                           0x08009993   Thumb Code     0  startup_stm32f10x_hd.o(.text)
    RCC_IRQHandler                           0x08009993   Thumb Code     0  startup_stm32f10x_hd.o(.text)
    RTCAlarm_IRQHandler                      0x08009993   Thumb Code     0  startup_stm32f10x_hd.o(.text)
    RTC_IRQHandler                           0x08009993   Thumb Code     0  startup_stm32f10x_hd.o(.text)
    SDIO_IRQHandler                          0x08009993   Thumb Code     0  startup_stm32f10x_hd.o(.text)
    SPI1_IRQHandler                          0x08009993   Thumb Code     0  startup_stm32f10x_hd.o(.text)
    SPI2_IRQHandler                          0x08009993   Thumb Code     0  startup_stm32f10x_hd.o(.text)
    SPI3_IRQHandler                          0x08009993   Thumb Code     0  startup_stm32f10x_hd.o(.text)
    TAMPER_IRQHandler                        0x08009993   Thumb Code     0  startup_stm32f10x_hd.o(.text)
    TIM1_BRK_IRQHandler                      0x08009993   Thumb Code     0  startup_stm32f10x_hd.o(.text)
    TIM1_CC_IRQHandler                       0x08009993   Thumb Code     0  startup_stm32f10x_hd.o(.text)
    TIM1_TRG_COM_IRQHandler                  0x08009993   Thumb Code     0  startup_stm32f10x_hd.o(.text)
    TIM1_UP_IRQHandler                       0x08009993   Thumb Code     0  startup_stm32f10x_hd.o(.text)
    TIM2_IRQHandler                          0x08009993   Thumb Code     0  startup_stm32f10x_hd.o(.text)
    TIM6_IRQHandler                          0x08009993   Thumb Code     0  startup_stm32f10x_hd.o(.text)
    TIM7_IRQHandler                          0x08009993   Thumb Code     0  startup_stm32f10x_hd.o(.text)
    TIM8_BRK_IRQHandler                      0x08009993   Thumb Code     0  startup_stm32f10x_hd.o(.text)
    TIM8_CC_IRQHandler                       0x08009993   Thumb Code     0  startup_stm32f10x_hd.o(.text)
    TIM8_TRG_COM_IRQHandler                  0x08009993   Thumb Code     0  startup_stm32f10x_hd.o(.text)
    TIM8_UP_IRQHandler                       0x08009993   Thumb Code     0  startup_stm32f10x_hd.o(.text)
    UART4_IRQHandler                         0x08009993   Thumb Code     0  startup_stm32f10x_hd.o(.text)
    UART5_IRQHandler                         0x08009993   Thumb Code     0  startup_stm32f10x_hd.o(.text)
    USART2_IRQHandler                        0x08009993   Thumb Code     0  startup_stm32f10x_hd.o(.text)
    USART3_IRQHandler                        0x08009993   Thumb Code     0  startup_stm32f10x_hd.o(.text)
    USBWakeUp_IRQHandler                     0x08009993   Thumb Code     0  startup_stm32f10x_hd.o(.text)
    USB_HP_CAN1_TX_IRQHandler                0x08009993   Thumb Code     0  startup_stm32f10x_hd.o(.text)
    USB_LP_CAN1_RX0_IRQHandler               0x08009993   Thumb Code     0  startup_stm32f10x_hd.o(.text)
    WWDG_IRQHandler                          0x08009993   Thumb Code     0  startup_stm32f10x_hd.o(.text)
    __user_initial_stackheap                 0x08009995   Thumb Code     0  startup_stm32f10x_hd.o(.text)
    NVIC_PriorityGroupConfig                 0x080099b9   Thumb Code    10  misc.o(.text)
    NVIC_Init                                0x080099c3   Thumb Code   100  misc.o(.text)
    NVIC_SetVectorTable                      0x08009a27   Thumb Code    14  misc.o(.text)
    NVIC_SystemLPConfig                      0x08009a35   Thumb Code    34  misc.o(.text)
    SysTick_CLKSourceConfig                  0x08009a57   Thumb Code    40  misc.o(.text)
    GPIO_DeInit                              0x08009a95   Thumb Code   172  stm32f10x_gpio.o(.text)
    GPIO_AFIODeInit                          0x08009b41   Thumb Code    20  stm32f10x_gpio.o(.text)
    GPIO_Init                                0x08009b55   Thumb Code   278  stm32f10x_gpio.o(.text)
    GPIO_StructInit                          0x08009c6b   Thumb Code    16  stm32f10x_gpio.o(.text)
    GPIO_ReadInputDataBit                    0x08009c7b   Thumb Code    18  stm32f10x_gpio.o(.text)
    GPIO_ReadInputData                       0x08009c8d   Thumb Code     8  stm32f10x_gpio.o(.text)
    GPIO_ReadOutputDataBit                   0x08009c95   Thumb Code    18  stm32f10x_gpio.o(.text)
    GPIO_ReadOutputData                      0x08009ca7   Thumb Code     8  stm32f10x_gpio.o(.text)
    GPIO_SetBits                             0x08009caf   Thumb Code     4  stm32f10x_gpio.o(.text)
    GPIO_ResetBits                           0x08009cb3   Thumb Code     4  stm32f10x_gpio.o(.text)
    GPIO_WriteBit                            0x08009cb7   Thumb Code    10  stm32f10x_gpio.o(.text)
    GPIO_Write                               0x08009cc1   Thumb Code     4  stm32f10x_gpio.o(.text)
    GPIO_PinLockConfig                       0x08009cc5   Thumb Code    18  stm32f10x_gpio.o(.text)
    GPIO_EventOutputConfig                   0x08009cd7   Thumb Code    26  stm32f10x_gpio.o(.text)
    GPIO_EventOutputCmd                      0x08009cf1   Thumb Code     6  stm32f10x_gpio.o(.text)
    GPIO_PinRemapConfig                      0x08009cf7   Thumb Code   138  stm32f10x_gpio.o(.text)
    GPIO_EXTILineConfig                      0x08009d81   Thumb Code    66  stm32f10x_gpio.o(.text)
    GPIO_ETH_MediaInterfaceConfig            0x08009dc3   Thumb Code     8  stm32f10x_gpio.o(.text)
    RCC_DeInit                               0x08009df1   Thumb Code    64  stm32f10x_rcc.o(.text)
    RCC_HSEConfig                            0x08009e31   Thumb Code    70  stm32f10x_rcc.o(.text)
    RCC_GetFlagStatus                        0x08009e77   Thumb Code    56  stm32f10x_rcc.o(.text)
    RCC_WaitForHSEStartUp                    0x08009eaf   Thumb Code    56  stm32f10x_rcc.o(.text)
    RCC_AdjustHSICalibrationValue            0x08009ee7   Thumb Code    20  stm32f10x_rcc.o(.text)
    RCC_HSICmd                               0x08009efb   Thumb Code     6  stm32f10x_rcc.o(.text)
    RCC_PLLConfig                            0x08009f01   Thumb Code    24  stm32f10x_rcc.o(.text)
    RCC_PLLCmd                               0x08009f19   Thumb Code     6  stm32f10x_rcc.o(.text)
    RCC_SYSCLKConfig                         0x08009f1f   Thumb Code    18  stm32f10x_rcc.o(.text)
    RCC_GetSYSCLKSource                      0x08009f31   Thumb Code    10  stm32f10x_rcc.o(.text)
    RCC_HCLKConfig                           0x08009f3b   Thumb Code    18  stm32f10x_rcc.o(.text)
    RCC_PCLK1Config                          0x08009f4d   Thumb Code    18  stm32f10x_rcc.o(.text)
    RCC_PCLK2Config                          0x08009f5f   Thumb Code    20  stm32f10x_rcc.o(.text)
    RCC_ITConfig                             0x08009f73   Thumb Code    26  stm32f10x_rcc.o(.text)
    RCC_USBCLKConfig                         0x08009f8d   Thumb Code     8  stm32f10x_rcc.o(.text)
    RCC_ADCCLKConfig                         0x08009f95   Thumb Code    18  stm32f10x_rcc.o(.text)
    RCC_LSEConfig                            0x08009fa7   Thumb Code    50  stm32f10x_rcc.o(.text)
    RCC_LSICmd                               0x08009fd9   Thumb Code     6  stm32f10x_rcc.o(.text)
    RCC_RTCCLKConfig                         0x08009fdf   Thumb Code    12  stm32f10x_rcc.o(.text)
    RCC_RTCCLKCmd                            0x08009feb   Thumb Code     8  stm32f10x_rcc.o(.text)
    RCC_GetClocksFreq                        0x08009ff3   Thumb Code   192  stm32f10x_rcc.o(.text)
    RCC_AHBPeriphClockCmd                    0x0800a0b3   Thumb Code    26  stm32f10x_rcc.o(.text)
    RCC_APB2PeriphClockCmd                   0x0800a0cd   Thumb Code    26  stm32f10x_rcc.o(.text)
    RCC_APB1PeriphClockCmd                   0x0800a0e7   Thumb Code    26  stm32f10x_rcc.o(.text)
    RCC_APB2PeriphResetCmd                   0x0800a101   Thumb Code    26  stm32f10x_rcc.o(.text)
    RCC_APB1PeriphResetCmd                   0x0800a11b   Thumb Code    26  stm32f10x_rcc.o(.text)
    RCC_BackupResetCmd                       0x0800a135   Thumb Code     8  stm32f10x_rcc.o(.text)
    RCC_ClockSecuritySystemCmd               0x0800a13d   Thumb Code     6  stm32f10x_rcc.o(.text)
    RCC_MCOConfig                            0x0800a143   Thumb Code     6  stm32f10x_rcc.o(.text)
    RCC_ClearFlag                            0x0800a149   Thumb Code    14  stm32f10x_rcc.o(.text)
    RCC_GetITStatus                          0x0800a157   Thumb Code    20  stm32f10x_rcc.o(.text)
    RCC_ClearITPendingBit                    0x0800a16b   Thumb Code     6  stm32f10x_rcc.o(.text)
    TIM_DeInit                               0x0800a195   Thumb Code   424  stm32f10x_tim.o(.text)
    TIM_TimeBaseInit                         0x0800a33d   Thumb Code   122  stm32f10x_tim.o(.text)
    TIM_OC1Init                              0x0800a3b7   Thumb Code   132  stm32f10x_tim.o(.text)
    TIM_OC2Init                              0x0800a43b   Thumb Code   154  stm32f10x_tim.o(.text)
    TIM_OC3Init                              0x0800a4d5   Thumb Code   150  stm32f10x_tim.o(.text)
    TIM_OC4Init                              0x0800a56b   Thumb Code   182  stm32f10x_tim.o(.text)
    TIM_SetIC4Prescaler                      0x0800a621   Thumb Code    26  stm32f10x_tim.o(.text)
    TIM_SetIC3Prescaler                      0x0800a6bd   Thumb Code    18  stm32f10x_tim.o(.text)
    TIM_SetIC2Prescaler                      0x0800a749   Thumb Code    26  stm32f10x_tim.o(.text)
    TIM_SetIC1Prescaler                      0x0800a7e5   Thumb Code    18  stm32f10x_tim.o(.text)
    TIM_ICInit                               0x0800a863   Thumb Code   150  stm32f10x_tim.o(.text)
    TIM_PWMIConfig                           0x0800a8f9   Thumb Code   124  stm32f10x_tim.o(.text)
    TIM_BDTRConfig                           0x0800a975   Thumb Code    32  stm32f10x_tim.o(.text)
    TIM_TimeBaseStructInit                   0x0800a995   Thumb Code    18  stm32f10x_tim.o(.text)
    TIM_OCStructInit                         0x0800a9a7   Thumb Code    20  stm32f10x_tim.o(.text)
    TIM_ICStructInit                         0x0800a9bb   Thumb Code    18  stm32f10x_tim.o(.text)
    TIM_BDTRStructInit                       0x0800a9cd   Thumb Code    40  stm32f10x_tim.o(.text)
    TIM_Cmd                                  0x0800a9f5   Thumb Code    24  stm32f10x_tim.o(.text)
    TIM_CtrlPWMOutputs                       0x0800aa0d   Thumb Code    30  stm32f10x_tim.o(.text)
    TIM_ITConfig                             0x0800aa2b   Thumb Code    18  stm32f10x_tim.o(.text)
    TIM_GenerateEvent                        0x0800aa3d   Thumb Code     4  stm32f10x_tim.o(.text)
    TIM_DMAConfig                            0x0800aa41   Thumb Code    10  stm32f10x_tim.o(.text)
    TIM_DMACmd                               0x0800aa4b   Thumb Code    18  stm32f10x_tim.o(.text)
    TIM_InternalClockConfig                  0x0800aa5d   Thumb Code    12  stm32f10x_tim.o(.text)
    TIM_SelectInputTrigger                   0x0800aa69   Thumb Code    18  stm32f10x_tim.o(.text)
    TIM_ITRxExternalClockConfig              0x0800aa7b   Thumb Code    24  stm32f10x_tim.o(.text)
    TIM_TIxExternalClockConfig               0x0800aa93   Thumb Code    62  stm32f10x_tim.o(.text)
    TIM_ETRConfig                            0x0800aad1   Thumb Code    28  stm32f10x_tim.o(.text)
    TIM_ETRClockMode1Config                  0x0800aaed   Thumb Code    54  stm32f10x_tim.o(.text)
    TIM_ETRClockMode2Config                  0x0800ab23   Thumb Code    32  stm32f10x_tim.o(.text)
    TIM_PrescalerConfig                      0x0800ab43   Thumb Code     6  stm32f10x_tim.o(.text)
    TIM_CounterModeConfig                    0x0800ab49   Thumb Code    18  stm32f10x_tim.o(.text)
    TIM_EncoderInterfaceConfig               0x0800ab5b   Thumb Code    66  stm32f10x_tim.o(.text)
    TIM_ForcedOC1Config                      0x0800ab9d   Thumb Code    18  stm32f10x_tim.o(.text)
    TIM_ForcedOC2Config                      0x0800abaf   Thumb Code    26  stm32f10x_tim.o(.text)
    TIM_ForcedOC3Config                      0x0800abc9   Thumb Code    18  stm32f10x_tim.o(.text)
    TIM_ForcedOC4Config                      0x0800abdb   Thumb Code    26  stm32f10x_tim.o(.text)
    TIM_ARRPreloadConfig                     0x0800abf5   Thumb Code    24  stm32f10x_tim.o(.text)
    TIM_SelectCOM                            0x0800ac0d   Thumb Code    24  stm32f10x_tim.o(.text)
    TIM_SelectCCDMA                          0x0800ac25   Thumb Code    24  stm32f10x_tim.o(.text)
    TIM_CCPreloadControl                     0x0800ac3d   Thumb Code    24  stm32f10x_tim.o(.text)
    TIM_OC1PreloadConfig                     0x0800ac55   Thumb Code    18  stm32f10x_tim.o(.text)
    TIM_OC2PreloadConfig                     0x0800ac67   Thumb Code    26  stm32f10x_tim.o(.text)
    TIM_OC3PreloadConfig                     0x0800ac81   Thumb Code    18  stm32f10x_tim.o(.text)
    TIM_OC4PreloadConfig                     0x0800ac93   Thumb Code    26  stm32f10x_tim.o(.text)
    TIM_OC1FastConfig                        0x0800acad   Thumb Code    18  stm32f10x_tim.o(.text)
    TIM_OC2FastConfig                        0x0800acbf   Thumb Code    26  stm32f10x_tim.o(.text)
    TIM_OC3FastConfig                        0x0800acd9   Thumb Code    18  stm32f10x_tim.o(.text)
    TIM_OC4FastConfig                        0x0800aceb   Thumb Code    26  stm32f10x_tim.o(.text)
    TIM_ClearOC1Ref                          0x0800ad05   Thumb Code    18  stm32f10x_tim.o(.text)
    TIM_ClearOC2Ref                          0x0800ad17   Thumb Code    24  stm32f10x_tim.o(.text)
    TIM_ClearOC3Ref                          0x0800ad2f   Thumb Code    18  stm32f10x_tim.o(.text)
    TIM_ClearOC4Ref                          0x0800ad41   Thumb Code    24  stm32f10x_tim.o(.text)
    TIM_OC1PolarityConfig                    0x0800ad59   Thumb Code    18  stm32f10x_tim.o(.text)
    TIM_OC1NPolarityConfig                   0x0800ad6b   Thumb Code    18  stm32f10x_tim.o(.text)
    TIM_OC2PolarityConfig                    0x0800ad7d   Thumb Code    26  stm32f10x_tim.o(.text)
    TIM_OC2NPolarityConfig                   0x0800ad97   Thumb Code    26  stm32f10x_tim.o(.text)
    TIM_OC3PolarityConfig                    0x0800adb1   Thumb Code    26  stm32f10x_tim.o(.text)
    TIM_OC3NPolarityConfig                   0x0800adcb   Thumb Code    26  stm32f10x_tim.o(.text)
    TIM_OC4PolarityConfig                    0x0800ade5   Thumb Code    26  stm32f10x_tim.o(.text)
    TIM_CCxCmd                               0x0800adff   Thumb Code    30  stm32f10x_tim.o(.text)
    TIM_CCxNCmd                              0x0800ae1d   Thumb Code    30  stm32f10x_tim.o(.text)
    TIM_SelectOCxM                           0x0800ae3b   Thumb Code    82  stm32f10x_tim.o(.text)
    TIM_UpdateDisableConfig                  0x0800ae8d   Thumb Code    24  stm32f10x_tim.o(.text)
    TIM_UpdateRequestConfig                  0x0800aea5   Thumb Code    24  stm32f10x_tim.o(.text)
    TIM_SelectHallSensor                     0x0800aebd   Thumb Code    24  stm32f10x_tim.o(.text)
    TIM_SelectOnePulseMode                   0x0800aed5   Thumb Code    18  stm32f10x_tim.o(.text)
    TIM_SelectOutputTrigger                  0x0800aee7   Thumb Code    18  stm32f10x_tim.o(.text)
    TIM_SelectSlaveMode                      0x0800aef9   Thumb Code    18  stm32f10x_tim.o(.text)
    TIM_SelectMasterSlaveMode                0x0800af0b   Thumb Code    18  stm32f10x_tim.o(.text)
    TIM_SetCounter                           0x0800af1d   Thumb Code     4  stm32f10x_tim.o(.text)
    TIM_SetAutoreload                        0x0800af21   Thumb Code     4  stm32f10x_tim.o(.text)
    TIM_SetCompare1                          0x0800af25   Thumb Code     4  stm32f10x_tim.o(.text)
    TIM_SetCompare2                          0x0800af29   Thumb Code     4  stm32f10x_tim.o(.text)
    TIM_SetCompare3                          0x0800af2d   Thumb Code     4  stm32f10x_tim.o(.text)
    TIM_SetCompare4                          0x0800af31   Thumb Code     6  stm32f10x_tim.o(.text)
    TIM_SetClockDivision                     0x0800af37   Thumb Code    18  stm32f10x_tim.o(.text)
    TIM_GetCapture1                          0x0800af49   Thumb Code     6  stm32f10x_tim.o(.text)
    TIM_GetCapture2                          0x0800af4f   Thumb Code     6  stm32f10x_tim.o(.text)
    TIM_GetCapture3                          0x0800af55   Thumb Code     6  stm32f10x_tim.o(.text)
    TIM_GetCapture4                          0x0800af5b   Thumb Code     8  stm32f10x_tim.o(.text)
    TIM_GetCounter                           0x0800af63   Thumb Code     6  stm32f10x_tim.o(.text)
    TIM_GetPrescaler                         0x0800af69   Thumb Code     6  stm32f10x_tim.o(.text)
    TIM_GetFlagStatus                        0x0800af6f   Thumb Code    18  stm32f10x_tim.o(.text)
    TIM_ClearFlag                            0x0800af81   Thumb Code     6  stm32f10x_tim.o(.text)
    TIM_GetITStatus                          0x0800af87   Thumb Code    34  stm32f10x_tim.o(.text)
    TIM_ClearITPendingBit                    0x0800afa9   Thumb Code     6  stm32f10x_tim.o(.text)
    USART_DeInit                             0x0800afb1   Thumb Code   134  stm32f10x_usart.o(.text)
    USART_Init                               0x0800b037   Thumb Code   210  stm32f10x_usart.o(.text)
    USART_StructInit                         0x0800b109   Thumb Code    24  stm32f10x_usart.o(.text)
    USART_ClockInit                          0x0800b121   Thumb Code    34  stm32f10x_usart.o(.text)
    USART_ClockStructInit                    0x0800b143   Thumb Code    12  stm32f10x_usart.o(.text)
    USART_Cmd                                0x0800b14f   Thumb Code    24  stm32f10x_usart.o(.text)
    USART_ITConfig                           0x0800b167   Thumb Code    74  stm32f10x_usart.o(.text)
    USART_DMACmd                             0x0800b1b1   Thumb Code    18  stm32f10x_usart.o(.text)
    USART_SetAddress                         0x0800b1c3   Thumb Code    18  stm32f10x_usart.o(.text)
    USART_WakeUpConfig                       0x0800b1d5   Thumb Code    18  stm32f10x_usart.o(.text)
    USART_ReceiverWakeUpCmd                  0x0800b1e7   Thumb Code    24  stm32f10x_usart.o(.text)
    USART_LINBreakDetectLengthConfig         0x0800b1ff   Thumb Code    18  stm32f10x_usart.o(.text)
    USART_LINCmd                             0x0800b211   Thumb Code    24  stm32f10x_usart.o(.text)
    USART_SendData                           0x0800b229   Thumb Code     8  stm32f10x_usart.o(.text)
    USART_ReceiveData                        0x0800b231   Thumb Code    10  stm32f10x_usart.o(.text)
    USART_SendBreak                          0x0800b23b   Thumb Code    10  stm32f10x_usart.o(.text)
    USART_SetGuardTime                       0x0800b245   Thumb Code    16  stm32f10x_usart.o(.text)
    USART_SetPrescaler                       0x0800b255   Thumb Code    16  stm32f10x_usart.o(.text)
    USART_SmartCardCmd                       0x0800b265   Thumb Code    24  stm32f10x_usart.o(.text)
    USART_SmartCardNACKCmd                   0x0800b27d   Thumb Code    24  stm32f10x_usart.o(.text)
    USART_HalfDuplexCmd                      0x0800b295   Thumb Code    24  stm32f10x_usart.o(.text)
    USART_OverSampling8Cmd                   0x0800b2ad   Thumb Code    22  stm32f10x_usart.o(.text)
    USART_OneBitMethodCmd                    0x0800b2c3   Thumb Code    24  stm32f10x_usart.o(.text)
    USART_IrDAConfig                         0x0800b2db   Thumb Code    18  stm32f10x_usart.o(.text)
    USART_IrDACmd                            0x0800b2ed   Thumb Code    24  stm32f10x_usart.o(.text)
    USART_GetFlagStatus                      0x0800b305   Thumb Code    26  stm32f10x_usart.o(.text)
    USART_ClearFlag                          0x0800b31f   Thumb Code    18  stm32f10x_usart.o(.text)
    USART_GetITStatus                        0x0800b331   Thumb Code    84  stm32f10x_usart.o(.text)
    USART_ClearITPendingBit                  0x0800b385   Thumb Code    52  stm32f10x_usart.o(.text)
    FSMC_NORSRAMDeInit                       0x0800b3b9   Thumb Code    54  stm32f10x_fsmc.o(.text)
    FSMC_NANDDeInit                          0x0800b3ef   Thumb Code    62  stm32f10x_fsmc.o(.text)
    FSMC_PCCARDDeInit                        0x0800b42d   Thumb Code    36  stm32f10x_fsmc.o(.text)
    FSMC_NORSRAMInit                         0x0800b451   Thumb Code   230  stm32f10x_fsmc.o(.text)
    FSMC_NANDInit                            0x0800b537   Thumb Code   132  stm32f10x_fsmc.o(.text)
    FSMC_PCCARDInit                          0x0800b5bb   Thumb Code   130  stm32f10x_fsmc.o(.text)
    FSMC_NORSRAMStructInit                   0x0800b63d   Thumb Code   114  stm32f10x_fsmc.o(.text)
    FSMC_NANDStructInit                      0x0800b6af   Thumb Code    54  stm32f10x_fsmc.o(.text)
    FSMC_PCCARDStructInit                    0x0800b6e5   Thumb Code    60  stm32f10x_fsmc.o(.text)
    FSMC_NORSRAMCmd                          0x0800b721   Thumb Code    46  stm32f10x_fsmc.o(.text)
    FSMC_NANDCmd                             0x0800b74f   Thumb Code    86  stm32f10x_fsmc.o(.text)
    FSMC_PCCARDCmd                           0x0800b7a5   Thumb Code    44  stm32f10x_fsmc.o(.text)
    FSMC_NANDECCCmd                          0x0800b7d1   Thumb Code    90  stm32f10x_fsmc.o(.text)
    FSMC_GetECC                              0x0800b82b   Thumb Code    24  stm32f10x_fsmc.o(.text)
    FSMC_ITConfig                            0x0800b843   Thumb Code   128  stm32f10x_fsmc.o(.text)
    FSMC_GetFlagStatus                       0x0800b8c3   Thumb Code    54  stm32f10x_fsmc.o(.text)
    FSMC_ClearFlag                           0x0800b8f9   Thumb Code    62  stm32f10x_fsmc.o(.text)
    FSMC_GetITStatus                         0x0800b937   Thumb Code    64  stm32f10x_fsmc.o(.text)
    FSMC_ClearITPendingBit                   0x0800b977   Thumb Code    68  stm32f10x_fsmc.o(.text)
    usmart_sys_cmd_exe                       0x0800b9c5   Thumb Code  1554  usmart.o(.text)
    usmart_reset_runtime                     0x0800bfd7   Thumb Code    38  usmart.o(.text)
    usmart_get_runtime                       0x0800bffd   Thumb Code    60  usmart.o(.text)
    TIM4_IRQHandler                          0x0800c039   Thumb Code    74  usmart.o(.text)
    Timer4_Init                              0x0800c083   Thumb Code    88  usmart.o(.text)
    usmart_init                              0x0800c0db   Thumb Code    36  usmart.o(.text)
    usmart_cmd_rec                           0x0800c0ff   Thumb Code   170  usmart.o(.text)
    usmart_exe                               0x0800c1a9   Thumb Code   914  usmart.o(.text)
    usmart_scan                              0x0800c53b   Thumb Code   124  usmart.o(.text)
    read_addr                                0x0800c5b7   Thumb Code     6  usmart.o(.text)
    write_addr                               0x0800c5bd   Thumb Code     4  usmart.o(.text)
    usmart_strcmp                            0x0800c64d   Thumb Code    34  usmart_str.o(.text)
    usmart_strcopy                           0x0800c66f   Thumb Code    22  usmart_str.o(.text)
    usmart_strlen                            0x0800c685   Thumb Code    24  usmart_str.o(.text)
    usmart_pow                               0x0800c69d   Thumb Code    22  usmart_str.o(.text)
    usmart_str2num                           0x0800c6b3   Thumb Code   202  usmart_str.o(.text)
    usmart_get_cmdname                       0x0800c77d   Thumb Code    54  usmart_str.o(.text)
    usmart_search_nextc                      0x0800c7b3   Thumb Code    22  usmart_str.o(.text)
    usmart_get_fname                         0x0800c7c9   Thumb Code   440  usmart_str.o(.text)
    usmart_get_aparm                         0x0800c981   Thumb Code   200  usmart_str.o(.text)
    usmart_get_parmpos                       0x0800ca49   Thumb Code    26  usmart_str.o(.text)
    usmart_get_fparam                        0x0800ca63   Thumb Code   262  usmart_str.o(.text)
    __use_no_semihosting                     0x0800cb75   Thumb Code     2  use_no_semi_2.o(.text)
    __2printf                                0x0800cb79   Thumb Code    20  noretval__2printf.o(.text)
    _printf_pre_padding                      0x0800cb91   Thumb Code    44  _printf_pad.o(.text)
    _printf_post_padding                     0x0800cbbd   Thumb Code    34  _printf_pad.o(.text)
    _printf_str                              0x0800cbdf   Thumb Code    82  _printf_str.o(.text)
    _printf_int_dec                          0x0800cc31   Thumb Code   104  _printf_dec.o(.text)
    _printf_int_hex                          0x0800cca9   Thumb Code    84  _printf_hex_int.o(.text)
    _printf_longlong_hex                     0x0800cca9   Thumb Code     0  _printf_hex_int.o(.text)
    __printf                                 0x0800cd01   Thumb Code   388  __printf_flags_ss_wp.o(.text)
    strcmp                                   0x0800ce89   Thumb Code   128  strcmpv7m.o(.text)
    __use_two_region_memory                  0x0800cf09   Thumb Code     2  heapauxi.o(.text)
    __rt_heap_escrow$2region                 0x0800cf0b   Thumb Code     2  heapauxi.o(.text)
    __rt_heap_expand$2region                 0x0800cf0d   Thumb Code     2  heapauxi.o(.text)
    __I$use$semihosting                      0x0800cf0f   Thumb Code     0  use_no_semi.o(.text)
    __use_no_semihosting_swi                 0x0800cf0f   Thumb Code     2  use_no_semi.o(.text)
    __read_errno                             0x0800cf11   Thumb Code    10  _rserrno.o(.text)
    __set_errno                              0x0800cf1b   Thumb Code    12  _rserrno.o(.text)
    _printf_int_common                       0x0800cf27   Thumb Code   178  _printf_intcommon.o(.text)
    __lib_sel_fp_printf                      0x0800cfd9   Thumb Code     2  _printf_fp_dec.o(.text)
    _printf_fp_dec_real                      0x0800d18b   Thumb Code   620  _printf_fp_dec.o(.text)
    _printf_cs_common                        0x0800d3f7   Thumb Code    20  _printf_char.o(.text)
    _printf_char                             0x0800d40b   Thumb Code    16  _printf_char.o(.text)
    _printf_string                           0x0800d41b   Thumb Code     8  _printf_char.o(.text)
    _printf_char_file                        0x0800d425   Thumb Code    32  _printf_char_file.o(.text)
    __rt_locale                              0x0800d449   Thumb Code     8  rt_locale_intlibspace.o(.text)
    __aeabi_errno_addr                       0x0800d451   Thumb Code     8  rt_errno_addr_intlibspace.o(.text)
    __errno$intlibspace                      0x0800d451   Thumb Code     0  rt_errno_addr_intlibspace.o(.text)
    __rt_errno_addr$intlibspace              0x0800d451   Thumb Code     0  rt_errno_addr_intlibspace.o(.text)
    _ll_udiv10                               0x0800d459   Thumb Code   138  lludiv10.o(.text)
    _printf_char_common                      0x0800d4ef   Thumb Code    32  _printf_char_common.o(.text)
    _printf_fp_infnan                        0x0800d515   Thumb Code   112  _printf_fp_infnan.o(.text)
    _btod_etento                             0x0800d595   Thumb Code   224  bigflt0.o(.text)
    ferror                                   0x0800d679   Thumb Code     8  ferror.o(.text)
    __user_libspace                          0x0800d681   Thumb Code     8  libspace.o(.text)
    __user_perproc_libspace                  0x0800d681   Thumb Code     0  libspace.o(.text)
    __user_perthread_libspace                0x0800d681   Thumb Code     0  libspace.o(.text)
    __user_setup_stackheap                   0x0800d689   Thumb Code    74  sys_stackheap_outer.o(.text)
    exit                                     0x0800d6d3   Thumb Code    18  exit.o(.text)
    _btod_d2e                                0x0800d6e5   Thumb Code    62  btod.o(CL$$btod_d2e)
    _d2e_denorm_low                          0x0800d723   Thumb Code    70  btod.o(CL$$btod_d2e_denorm_low)
    _d2e_norm_op1                            0x0800d769   Thumb Code    96  btod.o(CL$$btod_d2e_norm_op1)
    __btod_div_common                        0x0800d7c9   Thumb Code   696  btod.o(CL$$btod_div_common)
    _e2e                                     0x0800db01   Thumb Code   220  btod.o(CL$$btod_e2e)
    _btod_ediv                               0x0800dbdd   Thumb Code    42  btod.o(CL$$btod_ediv)
    _btod_emul                               0x0800dc07   Thumb Code    42  btod.o(CL$$btod_emul)
    __btod_mult_common                       0x0800dc31   Thumb Code   580  btod.o(CL$$btod_mult_common)
    __ARM_fpclassify                         0x0800de75   Thumb Code    40  fpclassify.o(i.__ARM_fpclassify)
    _is_digit                                0x0800de9d   Thumb Code    14  __printf_wp.o(i._is_digit)
    sqrt                                     0x0800deab   Thumb Code    76  sqrt.o(i.sqrt)
    _get_lc_numeric                          0x0800def9   Thumb Code    44  lc_numeric_c.o(locale$$code)
    __aeabi_dadd                             0x0800df25   Thumb Code     0  daddsub_clz.o(x$fpl$dadd)
    _dadd                                    0x0800df25   Thumb Code   332  daddsub_clz.o(x$fpl$dadd)
    __fpl_dcmp_Inf                           0x0800e075   Thumb Code    24  dcmpi.o(x$fpl$dcmpinf)
    __aeabi_ddiv                             0x0800e08d   Thumb Code     0  ddiv.o(x$fpl$ddiv)
    _ddiv                                    0x0800e08d   Thumb Code   552  ddiv.o(x$fpl$ddiv)
    __aeabi_d2iz                             0x0800e33d   Thumb Code     0  dfix.o(x$fpl$dfix)
    _dfix                                    0x0800e33d   Thumb Code    94  dfix.o(x$fpl$dfix)
    __aeabi_d2uiz                            0x0800e39d   Thumb Code     0  dfixu.o(x$fpl$dfixu)
    _dfixu                                   0x0800e39d   Thumb Code    90  dfixu.o(x$fpl$dfixu)
    __aeabi_i2d                              0x0800e3f7   Thumb Code     0  dflt_clz.o(x$fpl$dflt)
    _dflt                                    0x0800e3f7   Thumb Code    46  dflt_clz.o(x$fpl$dflt)
    __aeabi_ui2d                             0x0800e425   Thumb Code     0  dflt_clz.o(x$fpl$dfltu)
    _dfltu                                   0x0800e425   Thumb Code    38  dflt_clz.o(x$fpl$dfltu)
    __aeabi_cdcmple                          0x0800e44d   Thumb Code     0  dleqf.o(x$fpl$dleqf)
    _dcmple                                  0x0800e44d   Thumb Code   120  dleqf.o(x$fpl$dleqf)
    __fpl_dcmple_InfNaN                      0x0800e4af   Thumb Code     0  dleqf.o(x$fpl$dleqf)
    __aeabi_dmul                             0x0800e4c5   Thumb Code     0  dmul.o(x$fpl$dmul)
    _dmul                                    0x0800e4c5   Thumb Code   332  dmul.o(x$fpl$dmul)
    __fpl_dnaninf                            0x0800e619   Thumb Code   156  dnaninf.o(x$fpl$dnaninf)
    __fpl_dretinf                            0x0800e6b5   Thumb Code    12  dretinf.o(x$fpl$dretinf)
    __aeabi_cdrcmple                         0x0800e6c1   Thumb Code     0  drleqf.o(x$fpl$drleqf)
    _drcmple                                 0x0800e6c1   Thumb Code   108  drleqf.o(x$fpl$drleqf)
    __aeabi_drsub                            0x0800e72d   Thumb Code     0  daddsub_clz.o(x$fpl$drsb)
    _drsb                                    0x0800e72d   Thumb Code    22  daddsub_clz.o(x$fpl$drsb)
    _dsqrt                                   0x0800e745   Thumb Code   456  dsqrt_noumaal.o(x$fpl$dsqrt)
    __aeabi_dsub                             0x0800e911   Thumb Code     0  daddsub_clz.o(x$fpl$dsub)
    _dsub                                    0x0800e911   Thumb Code   464  daddsub_clz.o(x$fpl$dsub)
    __aeabi_f2d                              0x0800eae5   Thumb Code     0  f2d.o(x$fpl$f2d)
    _f2d                                     0x0800eae5   Thumb Code    86  f2d.o(x$fpl$f2d)
    __aeabi_fadd                             0x0800eb3d   Thumb Code     0  faddsub_clz.o(x$fpl$fadd)
    _fadd                                    0x0800eb3d   Thumb Code   196  faddsub_clz.o(x$fpl$fadd)
    __aeabi_fdiv                             0x0800ec01   Thumb Code     0  fdiv.o(x$fpl$fdiv)
    _fdiv                                    0x0800ec01   Thumb Code   384  fdiv.o(x$fpl$fdiv)
    __aeabi_f2iz                             0x0800ed85   Thumb Code     0  ffix.o(x$fpl$ffix)
    _ffix                                    0x0800ed85   Thumb Code    54  ffix.o(x$fpl$ffix)
    __aeabi_f2uiz                            0x0800edbd   Thumb Code     0  ffixu.o(x$fpl$ffixu)
    _ffixu                                   0x0800edbd   Thumb Code    62  ffixu.o(x$fpl$ffixu)
    __aeabi_i2f                              0x0800edfd   Thumb Code     0  fflt_clz.o(x$fpl$fflt)
    _fflt                                    0x0800edfd   Thumb Code    48  fflt_clz.o(x$fpl$fflt)
    __aeabi_ui2f                             0x0800ee2d   Thumb Code     0  fflt_clz.o(x$fpl$ffltu)
    _ffltu                                   0x0800ee2d   Thumb Code    38  fflt_clz.o(x$fpl$ffltu)
    __aeabi_fmul                             0x0800ee55   Thumb Code     0  fmul.o(x$fpl$fmul)
    _fmul                                    0x0800ee55   Thumb Code   258  fmul.o(x$fpl$fmul)
    __fpl_fnaninf                            0x0800ef57   Thumb Code   140  fnaninf.o(x$fpl$fnaninf)
    __fpl_fretinf                            0x0800efe3   Thumb Code    10  fretinf.o(x$fpl$fretinf)
    __aeabi_fsub                             0x0800efed   Thumb Code     0  faddsub_clz.o(x$fpl$fsub)
    _fsub                                    0x0800efed   Thumb Code   234  faddsub_clz.o(x$fpl$fsub)
    _printf_fp_dec                           0x0800f0d7   Thumb Code     4  printf1.o(x$fpl$printf1)
    __I$use$fp                               0x0800f0da   Number         0  usenofp.o(x$fpl$usenofp)
    asc2_1206                                0x0800f0da   Data        1140  lcd.o(.constdata)
    asc2_1608                                0x0800f54e   Data        1520  lcd.o(.constdata)
    asc2_2412                                0x0800fb3e   Data        3420  lcd.o(.constdata)
    GT9147_CFG_TBL                           0x0801089a   Data         184  gt9147.o(.constdata)
    GT9147_TPX_TBL                           0x08010952   Data          10  gt9147.o(.constdata)
    TP_REMIND_MSG_TBL                        0x0801095c   Data           4  touch.o(.constdata)
    FT5206_TPX_TBL                           0x08010960   Data          10  ft5206.o(.constdata)
    OTT_TPX_TBL                              0x0801096a   Data          10  ott2001a.o(.constdata)
    Region$$Table$$Base                      0x08010da4   Number         0  anon$$obj.o(Region$$Table)
    Region$$Table$$Limit                     0x08010dc4   Number         0  anon$$obj.o(Region$$Table)
    CycleNumber                              0x20000000   Data           8  main.o(.data)
    time_count                               0x20000008   Data           2  main.o(.data)
    start_flag                               0x2000000a   Data           1  main.o(.data)
    start_flagB                              0x2000000b   Data           1  main.o(.data)
    start_flagA                              0x2000000c   Data           1  main.o(.data)
    encoder_speed                            0x20000010   Data           8  main.o(.data)
    compareB                                 0x20000018   Data           4  main.o(.data)
    compareA                                 0x2000001c   Data           4  main.o(.data)
    cycleNumber1                             0x20000020   Data           8  main.o(.data)
    SystemCoreClock                          0x20000034   Data           4  system_stm32f10x.o(.data)
    AHBPrescTable                            0x20000038   Data          16  system_stm32f10x.o(.data)
    POINT_COLOR                              0x2000004a   Data           2  lcd.o(.data)
    BACK_COLOR                               0x2000004c   Data           2  lcd.o(.data)
    CaptureNumberA                           0x2000004e   Data           2  encoder.o(.data)
    CaptureNumberB                           0x20000050   Data           2  encoder.o(.data)
    TIM5CH1_CAPTURE_STA                      0x20000052   Data           1  encoder.o(.data)
    TIM5CH1_CAPTURE_VAL                      0x20000054   Data           2  encoder.o(.data)
    sptr                                     0x20000058   Data           4  pid.o(.data)
    P_DATA                                   0x20000060   Data           8  pid.o(.data)
    I_DATA                                   0x20000068   Data           8  pid.o(.data)
    D_DATA                                   0x20000070   Data           8  pid.o(.data)
    datamap1                                 0x20000078   Data           1  function.o(.data)
    dataPmap                                 0x20000079   Data           1  function.o(.data)
    dataImap                                 0x2000007a   Data           1  function.o(.data)
    dataDmap                                 0x2000007b   Data           1  function.o(.data)
    tp_dev                                   0x20000080   Data          52  touch.o(.data)
    CMD_RDX                                  0x200000b4   Data           1  touch.o(.data)
    CMD_RDY                                  0x200000b5   Data           1  touch.o(.data)
    num                                      0x200000b8   Data           1  lcdtouch.o(.data)
    PatameterNum                             0x200000c0   Data           8  lcdtouch.o(.data)
    widthx                                   0x200000c8   Data           2  lcdtouch.o(.data)
    PNum                                     0x200000ca   Data           4  lcdtouch.o(.data)
    SetSpeedFlag                             0x200000ce   Data           1  lcdtouch.o(.data)
    LFlag                                    0x200000cf   Data           1  lcdtouch.o(.data)
    i                                        0x200000d0   Data           1  lcdtouch.o(.data)
    Lcount                                   0x200000d1   Data           1  lcdtouch.o(.data)
    CurPFlag                                 0x200000d2   Data           1  lcdtouch.o(.data)
    CurIFlag                                 0x200000d3   Data           1  lcdtouch.o(.data)
    CurDFlag                                 0x200000d4   Data           1  lcdtouch.o(.data)
    __stdout                                 0x200000dc   Data           4  usart.o(.data)
    USART_RX_STA                             0x200000e0   Data           2  usart.o(.data)
    sys_cmd_tab                              0x200000f8   Data          28  usmart.o(.data)
    usmart_nametab                           0x20000114   Data         144  usmart_config.o(.data)
    usmart_dev                               0x200001a4   Data         244  usmart_config.o(.data)
    Xco1                                     0x20000298   Data         860  main.o(.bss)
    Yco1                                     0x200005f4   Data         860  main.o(.bss)
    Xmid                                     0x20000950   Data          10  main.o(.bss)
    Ymid                                     0x2000095a   Data          10  main.o(.bss)
    TIM_OCInitStrue                          0x20000964   Data          16  main.o(.bss)
    lcddev                                   0x20000974   Data          14  lcd.o(.bss)
    TIM5_ICInitStructure                     0x20000982   Data          10  encoder.o(.bss)
    TIM4_ICInitStructure                     0x2000098c   Data          10  encoder.o(.bss)
    sPID                                     0x20000998   Data          40  pid.o(.bss)
    USART_RX_BUF                             0x200009c0   Data         200  usart.o(.bss)
    __libspace_start                         0x20000a88   Data          96  libspace.o(.bss)
    __temporary_stack_top$libspace           0x20000ae8   Data           0  libspace.o(.bss)



==============================================================================

Memory Map of the image

  Image Entry point : 0x08000131

  Load Region LR_IROM1 (Base: 0x08000000, Size: 0x00011078, Max: 0x00080000, ABSOLUTE, COMPRESSED[0x00010ed8])

    Execution Region ER_IROM1 (Exec base: 0x08000000, Load base: 0x08000000, Size: 0x00010de0, Max: 0x00080000, ABSOLUTE)

    Exec Addr    Load Addr    Size         Type   Attr      Idx    E Section Name        Object

    0x08000000   0x08000000   0x00000130   Data   RO          561    RESET               startup_stm32f10x_hd.o
    0x08000130   0x08000130   0x00000008   Code   RO          749  * !!!main             c_w.l(__main.o)
    0x08000138   0x08000138   0x00000034   Code   RO         1052    !!!scatter          c_w.l(__scatter.o)
    0x0800016c   0x0800016c   0x0000005a   Code   RO         1050    !!dczerorl2         c_w.l(__dczerorl2.o)
    0x080001c6   0x080001c6   0x00000002   PAD
    0x080001c8   0x080001c8   0x0000001c   Code   RO         1054    !!handler_zi        c_w.l(__scatter_zi.o)
    0x080001e4   0x080001e4   0x00000000   Code   RO          744    .ARM.Collect$$_printf_percent$$00000000  c_w.l(_printf_percent.o)
    0x080001e4   0x080001e4   0x00000006   Code   RO          743    .ARM.Collect$$_printf_percent$$00000003  c_w.l(_printf_f.o)
    0x080001ea   0x080001ea   0x00000006   Code   RO          741    .ARM.Collect$$_printf_percent$$00000009  c_w.l(_printf_d.o)
    0x080001f0   0x080001f0   0x00000006   Code   RO          742    .ARM.Collect$$_printf_percent$$0000000A  c_w.l(_printf_u.o)
    0x080001f6   0x080001f6   0x00000006   Code   RO          740    .ARM.Collect$$_printf_percent$$0000000C  c_w.l(_printf_x.o)
    0x080001fc   0x080001fc   0x00000006   Code   RO          738    .ARM.Collect$$_printf_percent$$00000013  c_w.l(_printf_c.o)
    0x08000202   0x08000202   0x00000006   Code   RO          739    .ARM.Collect$$_printf_percent$$00000014  c_w.l(_printf_s.o)
    0x08000208   0x08000208   0x00000004   Code   RO          832    .ARM.Collect$$_printf_percent$$00000017  c_w.l(_printf_percent_end.o)
    0x0800020c   0x0800020c   0x00000002   Code   RO          927    .ARM.Collect$$libinit$$00000000  c_w.l(libinit.o)
    0x0800020e   0x0800020e   0x00000000   Code   RO          929    .ARM.Collect$$libinit$$00000002  c_w.l(libinit2.o)
    0x0800020e   0x0800020e   0x00000000   Code   RO          931    .ARM.Collect$$libinit$$00000004  c_w.l(libinit2.o)
    0x0800020e   0x0800020e   0x00000000   Code   RO          934    .ARM.Collect$$libinit$$0000000A  c_w.l(libinit2.o)
    0x0800020e   0x0800020e   0x00000000   Code   RO          936    .ARM.Collect$$libinit$$0000000C  c_w.l(libinit2.o)
    0x0800020e   0x0800020e   0x00000000   Code   RO          938    .ARM.Collect$$libinit$$0000000E  c_w.l(libinit2.o)
    0x0800020e   0x0800020e   0x00000006   Code   RO          939    .ARM.Collect$$libinit$$0000000F  c_w.l(libinit2.o)
    0x08000214   0x08000214   0x00000000   Code   RO          941    .ARM.Collect$$libinit$$00000011  c_w.l(libinit2.o)
    0x08000214   0x08000214   0x00000000   Code   RO          943    .ARM.Collect$$libinit$$00000013  c_w.l(libinit2.o)
    0x08000214   0x08000214   0x00000000   Code   RO          945    .ARM.Collect$$libinit$$00000015  c_w.l(libinit2.o)
    0x08000214   0x08000214   0x0000000a   Code   RO          946    .ARM.Collect$$libinit$$00000016  c_w.l(libinit2.o)
    0x0800021e   0x0800021e   0x00000000   Code   RO          947    .ARM.Collect$$libinit$$00000017  c_w.l(libinit2.o)
    0x0800021e   0x0800021e   0x00000000   Code   RO          949    .ARM.Collect$$libinit$$00000019  c_w.l(libinit2.o)
    0x0800021e   0x0800021e   0x00000000   Code   RO          951    .ARM.Collect$$libinit$$0000001B  c_w.l(libinit2.o)
    0x0800021e   0x0800021e   0x00000000   Code   RO          953    .ARM.Collect$$libinit$$0000001D  c_w.l(libinit2.o)
    0x0800021e   0x0800021e   0x00000000   Code   RO          955    .ARM.Collect$$libinit$$0000001F  c_w.l(libinit2.o)
    0x0800021e   0x0800021e   0x00000000   Code   RO          957    .ARM.Collect$$libinit$$00000021  c_w.l(libinit2.o)
    0x0800021e   0x0800021e   0x00000000   Code   RO          959    .ARM.Collect$$libinit$$00000023  c_w.l(libinit2.o)
    0x0800021e   0x0800021e   0x00000000   Code   RO          961    .ARM.Collect$$libinit$$00000025  c_w.l(libinit2.o)
    0x0800021e   0x0800021e   0x00000000   Code   RO          965    .ARM.Collect$$libinit$$0000002C  c_w.l(libinit2.o)
    0x0800021e   0x0800021e   0x00000000   Code   RO          967    .ARM.Collect$$libinit$$0000002E  c_w.l(libinit2.o)
    0x0800021e   0x0800021e   0x00000000   Code   RO          969    .ARM.Collect$$libinit$$00000030  c_w.l(libinit2.o)
    0x0800021e   0x0800021e   0x00000000   Code   RO          971    .ARM.Collect$$libinit$$00000032  c_w.l(libinit2.o)
    0x0800021e   0x0800021e   0x00000002   Code   RO          972    .ARM.Collect$$libinit$$00000033  c_w.l(libinit2.o)
    0x08000220   0x08000220   0x00000002   Code   RO         1000    .ARM.Collect$$libshutdown$$00000000  c_w.l(libshutdown.o)
    0x08000222   0x08000222   0x00000000   Code   RO         1009    .ARM.Collect$$libshutdown$$00000002  c_w.l(libshutdown2.o)
    0x08000222   0x08000222   0x00000000   Code   RO         1011    .ARM.Collect$$libshutdown$$00000004  c_w.l(libshutdown2.o)
    0x08000222   0x08000222   0x00000000   Code   RO         1014    .ARM.Collect$$libshutdown$$00000007  c_w.l(libshutdown2.o)
    0x08000222   0x08000222   0x00000000   Code   RO         1017    .ARM.Collect$$libshutdown$$0000000A  c_w.l(libshutdown2.o)
    0x08000222   0x08000222   0x00000000   Code   RO         1019    .ARM.Collect$$libshutdown$$0000000C  c_w.l(libshutdown2.o)
    0x08000222   0x08000222   0x00000000   Code   RO         1022    .ARM.Collect$$libshutdown$$0000000F  c_w.l(libshutdown2.o)
    0x08000222   0x08000222   0x00000002   Code   RO         1023    .ARM.Collect$$libshutdown$$00000010  c_w.l(libshutdown2.o)
    0x08000224   0x08000224   0x00000000   Code   RO          821    .ARM.Collect$$rtentry$$00000000  c_w.l(__rtentry.o)
    0x08000224   0x08000224   0x00000000   Code   RO          847    .ARM.Collect$$rtentry$$00000002  c_w.l(__rtentry2.o)
    0x08000224   0x08000224   0x00000006   Code   RO          859    .ARM.Collect$$rtentry$$00000004  c_w.l(__rtentry4.o)
    0x0800022a   0x0800022a   0x00000000   Code   RO          849    .ARM.Collect$$rtentry$$00000009  c_w.l(__rtentry2.o)
    0x0800022a   0x0800022a   0x00000004   Code   RO          850    .ARM.Collect$$rtentry$$0000000A  c_w.l(__rtentry2.o)
    0x0800022e   0x0800022e   0x00000000   Code   RO          852    .ARM.Collect$$rtentry$$0000000C  c_w.l(__rtentry2.o)
    0x0800022e   0x0800022e   0x00000008   Code   RO          853    .ARM.Collect$$rtentry$$0000000D  c_w.l(__rtentry2.o)
    0x08000236   0x08000236   0x00000002   Code   RO          973    .ARM.Collect$$rtexit$$00000000  c_w.l(rtexit.o)
    0x08000238   0x08000238   0x00000000   Code   RO          980    .ARM.Collect$$rtexit$$00000002  c_w.l(rtexit2.o)
    0x08000238   0x08000238   0x00000004   Code   RO          981    .ARM.Collect$$rtexit$$00000003  c_w.l(rtexit2.o)
    0x0800023c   0x0800023c   0x00000006   Code   RO          982    .ARM.Collect$$rtexit$$00000004  c_w.l(rtexit2.o)
    0x08000242   0x08000242   0x00000002   PAD
    0x08000244   0x08000244   0x00000ea4   Code   RO            1    .text               main.o
    0x080010e8   0x080010e8   0x0000001a   Code   RO          179    .text               stm32f10x_it.o
    0x08001102   0x08001102   0x00000002   PAD
    0x08001104   0x08001104   0x000001e0   Code   RO          220    .text               system_stm32f10x.o
    0x080012e4   0x080012e4   0x000000fc   Code   RO          250    .text               key.o
    0x080013e0   0x080013e0   0x0000017c   Code   RO          263    .text               timer.o
    0x0800155c   0x0800155c   0x00004a5c   Code   RO          275    .text               lcd.o
    0x08005fb8   0x08005fb8   0x00000184   Code   RO          305    .text               encoder.o
    0x0800613c   0x0800613c   0x000001e4   Code   RO          324    .text               pid.o
    0x08006320   0x08006320   0x0000017a   Code   RO          343    .text               24cxx.o
    0x0800649a   0x0800649a   0x00000002   PAD
    0x0800649c   0x0800649c   0x0000026c   Code   RO          355    .text               myiic.o
    0x08006708   0x08006708   0x000005d4   Code   RO          367    .text               function.o
    0x08006cdc   0x08006cdc   0x00000284   Code   RO          386    .text               ctiic.o
    0x08006f60   0x08006f60   0x00000458   Code   RO          401    .text               gt9147.o
    0x080073b8   0x080073b8   0x00000fb4   Code   RO          420    .text               touch.o
    0x0800836c   0x0800836c   0x00000338   Code   RO          444    .text               ft5206.o
    0x080086a4   0x080086a4   0x0000036c   Code   RO          460    .text               ott2001a.o
    0x08008a10   0x08008a10   0x00000d54   Code   RO          476    .text               lcdtouch.o
    0x08009764   0x08009764   0x000000d4   Code   RO          495    .text               delay.o
    0x08009838   0x08009838   0x00000140   Code   RO          526    .text               usart.o
    0x08009978   0x08009978   0x00000040   Code   RO          562    .text               startup_stm32f10x_hd.o
    0x080099b8   0x080099b8   0x000000dc   Code   RO          566    .text               misc.o
    0x08009a94   0x08009a94   0x0000035c   Code   RO          578    .text               stm32f10x_gpio.o
    0x08009df0   0x08009df0   0x000003a4   Code   RO          590    .text               stm32f10x_rcc.o
    0x0800a194   0x0800a194   0x00000e1a   Code   RO          604    .text               stm32f10x_tim.o
    0x0800afae   0x0800afae   0x00000002   PAD
    0x0800afb0   0x0800afb0   0x00000408   Code   RO          616    .text               stm32f10x_usart.o
    0x0800b3b8   0x0800b3b8   0x0000060c   Code   RO          628    .text               stm32f10x_fsmc.o
    0x0800b9c4   0x0800b9c4   0x00000c88   Code   RO          640    .text               usmart.o
    0x0800c64c   0x0800c64c   0x00000528   Code   RO          669    .text               usmart_str.o
    0x0800cb74   0x0800cb74   0x00000002   Code   RO          683    .text               c_w.l(use_no_semi_2.o)
    0x0800cb76   0x0800cb76   0x00000002   PAD
    0x0800cb78   0x0800cb78   0x00000018   Code   RO          687    .text               c_w.l(noretval__2printf.o)
    0x0800cb90   0x0800cb90   0x0000004e   Code   RO          691    .text               c_w.l(_printf_pad.o)
    0x0800cbde   0x0800cbde   0x00000052   Code   RO          693    .text               c_w.l(_printf_str.o)
    0x0800cc30   0x0800cc30   0x00000078   Code   RO          695    .text               c_w.l(_printf_dec.o)
    0x0800cca8   0x0800cca8   0x00000058   Code   RO          700    .text               c_w.l(_printf_hex_int.o)
    0x0800cd00   0x0800cd00   0x00000188   Code   RO          735    .text               c_w.l(__printf_flags_ss_wp.o)
    0x0800ce88   0x0800ce88   0x00000080   Code   RO          745    .text               c_w.l(strcmpv7m.o)
    0x0800cf08   0x0800cf08   0x00000006   Code   RO          747    .text               c_w.l(heapauxi.o)
    0x0800cf0e   0x0800cf0e   0x00000002   Code   RO          819    .text               c_w.l(use_no_semi.o)
    0x0800cf10   0x0800cf10   0x00000016   Code   RO          822    .text               c_w.l(_rserrno.o)
    0x0800cf26   0x0800cf26   0x000000b2   Code   RO          824    .text               c_w.l(_printf_intcommon.o)
    0x0800cfd8   0x0800cfd8   0x0000041e   Code   RO          826    .text               c_w.l(_printf_fp_dec.o)
    0x0800d3f6   0x0800d3f6   0x0000002c   Code   RO          828    .text               c_w.l(_printf_char.o)
    0x0800d422   0x0800d422   0x00000002   PAD
    0x0800d424   0x0800d424   0x00000024   Code   RO          830    .text               c_w.l(_printf_char_file.o)
    0x0800d448   0x0800d448   0x00000008   Code   RO          864    .text               c_w.l(rt_locale_intlibspace.o)
    0x0800d450   0x0800d450   0x00000008   Code   RO          869    .text               c_w.l(rt_errno_addr_intlibspace.o)
    0x0800d458   0x0800d458   0x0000008a   Code   RO          871    .text               c_w.l(lludiv10.o)
    0x0800d4e2   0x0800d4e2   0x00000002   PAD
    0x0800d4e4   0x0800d4e4   0x00000030   Code   RO          873    .text               c_w.l(_printf_char_common.o)
    0x0800d514   0x0800d514   0x00000080   Code   RO          875    .text               c_w.l(_printf_fp_infnan.o)
    0x0800d594   0x0800d594   0x000000e4   Code   RO          877    .text               c_w.l(bigflt0.o)
    0x0800d678   0x0800d678   0x00000008   Code   RO          902    .text               c_w.l(ferror.o)
    0x0800d680   0x0800d680   0x00000008   Code   RO          913    .text               c_w.l(libspace.o)
    0x0800d688   0x0800d688   0x0000004a   Code   RO          916    .text               c_w.l(sys_stackheap_outer.o)
    0x0800d6d2   0x0800d6d2   0x00000012   Code   RO          920    .text               c_w.l(exit.o)
    0x0800d6e4   0x0800d6e4   0x0000003e   Code   RO          880    CL$$btod_d2e        c_w.l(btod.o)
    0x0800d722   0x0800d722   0x00000046   Code   RO          882    CL$$btod_d2e_denorm_low  c_w.l(btod.o)
    0x0800d768   0x0800d768   0x00000060   Code   RO          881    CL$$btod_d2e_norm_op1  c_w.l(btod.o)
    0x0800d7c8   0x0800d7c8   0x00000338   Code   RO          890    CL$$btod_div_common  c_w.l(btod.o)
    0x0800db00   0x0800db00   0x000000dc   Code   RO          887    CL$$btod_e2e        c_w.l(btod.o)
    0x0800dbdc   0x0800dbdc   0x0000002a   Code   RO          884    CL$$btod_ediv       c_w.l(btod.o)
    0x0800dc06   0x0800dc06   0x0000002a   Code   RO          883    CL$$btod_emul       c_w.l(btod.o)
    0x0800dc30   0x0800dc30   0x00000244   Code   RO          889    CL$$btod_mult_common  c_w.l(btod.o)
    0x0800de74   0x0800de74   0x00000028   Code   RO          911    i.__ARM_fpclassify  m_ws.l(fpclassify.o)
    0x0800de9c   0x0800de9c   0x0000000e   Code   RO          728    i._is_digit         c_w.l(__printf_wp.o)
    0x0800deaa   0x0800deaa   0x0000004c   Code   RO          812    i.sqrt              m_ws.l(sqrt.o)
    0x0800def6   0x0800def6   0x00000002   PAD
    0x0800def8   0x0800def8   0x0000002c   Code   RO          907    locale$$code        c_w.l(lc_numeric_c.o)
    0x0800df24   0x0800df24   0x00000150   Code   RO          751    x$fpl$dadd          fz_ws.l(daddsub_clz.o)
    0x0800e074   0x0800e074   0x00000018   Code   RO          833    x$fpl$dcmpinf       fz_ws.l(dcmpi.o)
    0x0800e08c   0x0800e08c   0x000002b0   Code   RO          758    x$fpl$ddiv          fz_ws.l(ddiv.o)
    0x0800e33c   0x0800e33c   0x0000005e   Code   RO          761    x$fpl$dfix          fz_ws.l(dfix.o)
    0x0800e39a   0x0800e39a   0x00000002   PAD
    0x0800e39c   0x0800e39c   0x0000005a   Code   RO          765    x$fpl$dfixu         fz_ws.l(dfixu.o)
    0x0800e3f6   0x0800e3f6   0x0000002e   Code   RO          770    x$fpl$dflt          fz_ws.l(dflt_clz.o)
    0x0800e424   0x0800e424   0x00000026   Code   RO          769    x$fpl$dfltu         fz_ws.l(dflt_clz.o)
    0x0800e44a   0x0800e44a   0x00000002   PAD
    0x0800e44c   0x0800e44c   0x00000078   Code   RO          775    x$fpl$dleqf         fz_ws.l(dleqf.o)
    0x0800e4c4   0x0800e4c4   0x00000154   Code   RO          777    x$fpl$dmul          fz_ws.l(dmul.o)
    0x0800e618   0x0800e618   0x0000009c   Code   RO          835    x$fpl$dnaninf       fz_ws.l(dnaninf.o)
    0x0800e6b4   0x0800e6b4   0x0000000c   Code   RO          837    x$fpl$dretinf       fz_ws.l(dretinf.o)
    0x0800e6c0   0x0800e6c0   0x0000006c   Code   RO          779    x$fpl$drleqf        fz_ws.l(drleqf.o)
    0x0800e72c   0x0800e72c   0x00000016   Code   RO          752    x$fpl$drsb          fz_ws.l(daddsub_clz.o)
    0x0800e742   0x0800e742   0x00000002   PAD
    0x0800e744   0x0800e744   0x000001cc   Code   RO          839    x$fpl$dsqrt         fz_ws.l(dsqrt_noumaal.o)
    0x0800e910   0x0800e910   0x000001d4   Code   RO          753    x$fpl$dsub          fz_ws.l(daddsub_clz.o)
    0x0800eae4   0x0800eae4   0x00000056   Code   RO          781    x$fpl$f2d           fz_ws.l(f2d.o)
    0x0800eb3a   0x0800eb3a   0x00000002   PAD
    0x0800eb3c   0x0800eb3c   0x000000c4   Code   RO          783    x$fpl$fadd          fz_ws.l(faddsub_clz.o)
    0x0800ec00   0x0800ec00   0x00000184   Code   RO          790    x$fpl$fdiv          fz_ws.l(fdiv.o)
    0x0800ed84   0x0800ed84   0x00000036   Code   RO          793    x$fpl$ffix          fz_ws.l(ffix.o)
    0x0800edba   0x0800edba   0x00000002   PAD
    0x0800edbc   0x0800edbc   0x0000003e   Code   RO          797    x$fpl$ffixu         fz_ws.l(ffixu.o)
    0x0800edfa   0x0800edfa   0x00000002   PAD
    0x0800edfc   0x0800edfc   0x00000030   Code   RO          802    x$fpl$fflt          fz_ws.l(fflt_clz.o)
    0x0800ee2c   0x0800ee2c   0x00000026   Code   RO          801    x$fpl$ffltu         fz_ws.l(fflt_clz.o)
    0x0800ee52   0x0800ee52   0x00000002   PAD
    0x0800ee54   0x0800ee54   0x00000102   Code   RO          807    x$fpl$fmul          fz_ws.l(fmul.o)
    0x0800ef56   0x0800ef56   0x0000008c   Code   RO          841    x$fpl$fnaninf       fz_ws.l(fnaninf.o)
    0x0800efe2   0x0800efe2   0x0000000a   Code   RO          843    x$fpl$fretinf       fz_ws.l(fretinf.o)
    0x0800efec   0x0800efec   0x000000ea   Code   RO          785    x$fpl$fsub          fz_ws.l(faddsub_clz.o)
    0x0800f0d6   0x0800f0d6   0x00000004   Code   RO          809    x$fpl$printf1       fz_ws.l(printf1.o)
    0x0800f0da   0x0800f0da   0x00000000   Code   RO          845    x$fpl$usenofp       fz_ws.l(usenofp.o)
    0x0800f0da   0x0800f0da   0x000017c0   Data   RO          277    .constdata          lcd.o
    0x0801089a   0x0801089a   0x000000c2   Data   RO          402    .constdata          gt9147.o
    0x0801095c   0x0801095c   0x00000004   Data   RO          421    .constdata          touch.o
    0x08010960   0x08010960   0x0000000a   Data   RO          445    .constdata          ft5206.o
    0x0801096a   0x0801096a   0x0000000a   Data   RO          461    .constdata          ott2001a.o
    0x08010974   0x08010974   0x00000028   Data   RO          701    .constdata          c_w.l(_printf_hex_int.o)
    0x0801099c   0x0801099c   0x00000011   Data   RO          736    .constdata          c_w.l(__printf_flags_ss_wp.o)
    0x080109ad   0x080109ad   0x00000003   PAD
    0x080109b0   0x080109b0   0x00000094   Data   RO          878    .constdata          c_w.l(bigflt0.o)
    0x08010a44   0x08010a44   0x00000079   Data   RO          422    .conststring        touch.o
    0x08010abd   0x08010abd   0x00000003   PAD
    0x08010ac0   0x08010ac0   0x00000028   Data   RO          641    .conststring        usmart.o
    0x08010ae8   0x08010ae8   0x000002bb   Data   RO          656    .conststring        usmart_config.o
    0x08010da3   0x08010da3   0x00000001   PAD
    0x08010da4   0x08010da4   0x00000020   Data   RO         1048    Region$$Table       anon$$obj.o
    0x08010dc4   0x08010dc4   0x0000001c   Data   RO          906    locale$$data        c_w.l(lc_numeric_c.o)


    Execution Region RW_IRAM1 (Exec base: 0x20000000, Load base: 0x08010de0, Size: 0x000010e8, Max: 0x00010000, ABSOLUTE, COMPRESSED[0x000000f8])

    Exec Addr    Load Addr    Size         Type   Attr      Idx    E Section Name        Object

    0x20000000   COMPRESSED   0x00000032   Data   RW            3    .data               main.o
    0x20000032   COMPRESSED   0x00000002   PAD
    0x20000034   COMPRESSED   0x00000014   Data   RW          221    .data               system_stm32f10x.o
    0x20000048   COMPRESSED   0x00000001   Data   RW          251    .data               key.o
    0x20000049   COMPRESSED   0x00000001   PAD
    0x2000004a   COMPRESSED   0x00000004   Data   RW          278    .data               lcd.o
    0x2000004e   COMPRESSED   0x00000008   Data   RW          307    .data               encoder.o
    0x20000056   COMPRESSED   0x00000002   PAD
    0x20000058   COMPRESSED   0x00000020   Data   RW          326    .data               pid.o
    0x20000078   COMPRESSED   0x00000004   Data   RW          368    .data               function.o
    0x2000007c   COMPRESSED   0x00000001   Data   RW          403    .data               gt9147.o
    0x2000007d   COMPRESSED   0x00000003   PAD
    0x20000080   COMPRESSED   0x00000036   Data   RW          423    .data               touch.o
    0x200000b6   COMPRESSED   0x00000001   Data   RW          446    .data               ft5206.o
    0x200000b7   COMPRESSED   0x00000001   Data   RW          462    .data               ott2001a.o
    0x200000b8   COMPRESSED   0x0000001f   Data   RW          478    .data               lcdtouch.o
    0x200000d7   COMPRESSED   0x00000001   PAD
    0x200000d8   COMPRESSED   0x00000004   Data   RW          496    .data               delay.o
    0x200000dc   COMPRESSED   0x00000006   Data   RW          528    .data               usart.o
    0x200000e2   COMPRESSED   0x00000014   Data   RW          591    .data               stm32f10x_rcc.o
    0x200000f6   COMPRESSED   0x00000002   PAD
    0x200000f8   COMPRESSED   0x0000001c   Data   RW          642    .data               usmart.o
    0x20000114   COMPRESSED   0x00000184   Data   RW          657    .data               usmart_config.o
    0x20000298        -       0x000006dc   Zero   RW            2    .bss                main.o
    0x20000974        -       0x0000000e   Zero   RW          276    .bss                lcd.o
    0x20000982        -       0x00000014   Zero   RW          306    .bss                encoder.o
    0x20000996   COMPRESSED   0x00000002   PAD
    0x20000998        -       0x00000028   Zero   RW          325    .bss                pid.o
    0x200009c0        -       0x000000c8   Zero   RW          527    .bss                usart.o
    0x20000a88        -       0x00000060   Zero   RW          914    .bss                c_w.l(libspace.o)
    0x20000ae8        -       0x00000200   Zero   RW          560    HEAP                startup_stm32f10x_hd.o
    0x20000ce8        -       0x00000400   Zero   RW          559    STACK               startup_stm32f10x_hd.o


==============================================================================

Image component sizes


      Code (inc. data)   RO Data    RW Data    ZI Data      Debug   Object Name

       378          0          0          0          0       2798   24cxx.o
       644         24          0          0          0       2049   ctiic.o
       212         18          0          4          0       1035   delay.o
       388         32          0          8         20       1866   encoder.o
       824         38         10          1          0       2535   ft5206.o
      1492        114          0          4          0       2899   function.o
      1112         74        194          1          0       3062   gt9147.o
       252         12          0          1          0        840   key.o
     19036        162       6080          4         14      22234   lcd.o
      3412        338          0         31          0       5897   lcdtouch.o
      3748        388          0         50       1756     264204   main.o
       220         22          0          0          0       1793   misc.o
       620         14          0          0          0       1880   myiic.o
       876         56         10          1          0       2695   ott2001a.o
       484         16          0         32         40       2403   pid.o
        64         26        304          0       1536        784   startup_stm32f10x_hd.o
      1548         18          0          0          0       5371   stm32f10x_fsmc.o
       860         38          0          0          0       5725   stm32f10x_gpio.o
        26          0          0          0          0       1178   stm32f10x_it.o
       932         36          0         20          0       8900   stm32f10x_rcc.o
      3610         88          0          0          0      22832   stm32f10x_tim.o
      1032         22          0          0          0       8452   stm32f10x_usart.o
         0          0          0          0          0         32   sys.o
       480         38          0         20          0       1731   system_stm32f10x.o
       380         24          0          0          0       1452   timer.o
      4020        222        125         54          0       6841   touch.o
       320         18          0          6        200       3122   usart.o
      3208       1290         40         28          0       4418   usmart.o
         0          0        699        388          0       1596   usmart_config.o
      1320         12          0          0          0       5221   usmart_str.o

    ----------------------------------------------------------------------
     51504       3140       7498        664       3568     395845   Object Totals
         0          0         32          0          0          0   (incl. Generated)
         6          0          4         11          2          0   (incl. Padding)

    ----------------------------------------------------------------------

      Code (inc. data)   RO Data    RW Data    ZI Data      Debug   Library Member Name

        90          0          0          0          0          0   __dczerorl2.o
         8          0          0          0          0         68   __main.o
       392          4         17          0          0         92   __printf_flags_ss_wp.o
        14          0          0          0          0         68   __printf_wp.o
         0          0          0          0          0          0   __rtentry.o
        12          0          0          0          0          0   __rtentry2.o
         6          0          0          0          0          0   __rtentry4.o
        52          8          0          0          0          0   __scatter.o
        28          0          0          0          0          0   __scatter_zi.o
         6          0          0          0          0          0   _printf_c.o
        44          0          0          0          0        108   _printf_char.o
        48          6          0          0          0         96   _printf_char_common.o
        36          4          0          0          0         80   _printf_char_file.o
         6          0          0          0          0          0   _printf_d.o
       120         16          0          0          0         92   _printf_dec.o
         6          0          0          0          0          0   _printf_f.o
      1054          0          0          0          0        216   _printf_fp_dec.o
       128         16          0          0          0         84   _printf_fp_infnan.o
        88          4         40          0          0         88   _printf_hex_int.o
       178          0          0          0          0         88   _printf_intcommon.o
        78          0          0          0          0        108   _printf_pad.o
         0          0          0          0          0          0   _printf_percent.o
         4          0          0          0          0          0   _printf_percent_end.o
         6          0          0          0          0          0   _printf_s.o
        82          0          0          0          0         80   _printf_str.o
         6          0          0          0          0          0   _printf_u.o
         6          0          0          0          0          0   _printf_x.o
        22          0          0          0          0        100   _rserrno.o
       228          4        148          0          0         96   bigflt0.o
      1936        128          0          0          0        672   btod.o
        18          0          0          0          0         80   exit.o
         8          0          0          0          0         68   ferror.o
         6          0          0          0          0        152   heapauxi.o
        44         10         28          0          0         76   lc_numeric_c.o
         2          0          0          0          0          0   libinit.o
        18          0          0          0          0          0   libinit2.o
         2          0          0          0          0          0   libshutdown.o
         2          0          0          0          0          0   libshutdown2.o
         8          4          0          0         96         68   libspace.o
       138          0          0          0          0         80   lludiv10.o
        24          4          0          0          0         84   noretval__2printf.o
         8          4          0          0          0         68   rt_errno_addr_intlibspace.o
         8          4          0          0          0         68   rt_locale_intlibspace.o
         2          0          0          0          0          0   rtexit.o
        10          0          0          0          0          0   rtexit2.o
       128          0          0          0          0         68   strcmpv7m.o
        74          0          0          0          0         80   sys_stackheap_outer.o
         2          0          0          0          0         68   use_no_semi.o
         2          0          0          0          0         68   use_no_semi_2.o
       826         16          0          0          0        348   daddsub_clz.o
        24          0          0          0          0         68   dcmpi.o
       688        140          0          0          0        208   ddiv.o
        94          4          0          0          0         92   dfix.o
        90          4          0          0          0         92   dfixu.o
        84          0          0          0          0        136   dflt_clz.o
       120          4          0          0          0         92   dleqf.o
       340         12          0          0          0        104   dmul.o
       156          4          0          0          0         92   dnaninf.o
        12          0          0          0          0         68   dretinf.o
       108          0          0          0          0         80   drleqf.o
       460         56          0          0          0        120   dsqrt_noumaal.o
        86          4          0          0          0         84   f2d.o
       430          8          0          0          0        168   faddsub_clz.o
       388         76          0          0          0         96   fdiv.o
        54          4          0          0          0         84   ffix.o
        62          4          0          0          0         84   ffixu.o
        86          0          0          0          0        136   fflt_clz.o
       258          4          0          0          0         84   fmul.o
       140          4          0          0          0         84   fnaninf.o
        10          0          0          0          0         68   fretinf.o
         4          0          0          0          0         68   printf1.o
         0          0          0          0          0          0   usenofp.o
        40          0          0          0          0         68   fpclassify.o
        76          0          0          0          0         84   sqrt.o

    ----------------------------------------------------------------------
      9850        560        236          0         96       5772   Library Totals
        26          0          3          0          0          0   (incl. Padding)

    ----------------------------------------------------------------------

      Code (inc. data)   RO Data    RW Data    ZI Data      Debug   Library Name

      5188        216        233          0         96       3164   c_w.l
      4520        344          0          0          0       2456   fz_ws.l
       116          0          0          0          0        152   m_ws.l

    ----------------------------------------------------------------------
      9850        560        236          0         96       5772   Library Totals

    ----------------------------------------------------------------------

==============================================================================


      Code (inc. data)   RO Data    RW Data    ZI Data      Debug   

     61354       3700       7734        664       3664     396205   Grand Totals
     61354       3700       7734        248       3664     396205   ELF Image Totals (compressed)
     61354       3700       7734        248          0          0   ROM Totals

==============================================================================

    Total RO  Size (Code + RO Data)                69088 (  67.47kB)
    Total RW  Size (RW Data + ZI Data)              4328 (   4.23kB)
    Total ROM Size (Code + RO Data + RW Data)      69336 (  67.71kB)

==============================================================================

